0 10|deepseek_sd_gen 128:16:6:960:50 10_tencent_rd.txt 0.024771849 0.023056057 28 5.0000
0 10|deepseek_sd_attention 32:16:6:480:50 10_tencent_rc.txt 0.035289492 0.032856328 28 5.0000
0 10|deepseek_sd_mlp_gate 256:16:6:960:50 10_tencent_re.txt 0.074785814 0.068800739 28 5.0000
0 10|deepseek_sd_mlp_down 32:8:6:960:0 10_tencent_re.txt 0.18231347 0.17908769 28 5.0000
0 10|deepseek_sd_mlp_up 256:8:2:960:150 10_tencent_rd.txt 0.084701743 0.080893228 28 5.0000
1 10|deepseek_sd_gen 128:8:12:240:150 10_tencent_re.txt 0.029585551 0.028205074 28 6.1361
1 10|deepseek_sd_attention 32:16:6:240:50 10_tencent_rd.txt 0.03152543 0.028094473 28 6.1361
1 10|deepseek_sd_mlp_gate 128:32:12:960:50 10_tencent_re.txt 0.10245199 0.099595252 28 6.1361
1 10|deepseek_sd_mlp_down 32:8:2:240:150 10_tencent_ra.txt 0.16228545 0.15453191 28 6.1361
1 10|deepseek_sd_mlp_up 256:32:6:480:0 10_tencent_re.txt 0.081690634 0.078280242 28 6.1361
2 10|deepseek_sd_gen 64:32:2:960:150 10_tencent_rc.txt 0.040913914 0.039456995 28 7.4466
2 10|deepseek_sd_attention 32:8:2:480:0 10_tencent_rd.txt 0.033673242 0.030408047 28 7.4466
2 10|deepseek_sd_mlp_gate 32:16:12:480:150 10_tencent_rd.txt 0.094736528 0.091880722 28 7.4466
2 10|deepseek_sd_mlp_down 128:8:12:480:50 10_tencent_ra.txt 0.11854097 0.11541947 28 7.4466
2 10|deepseek_sd_mlp_up 32:16:12:960:0 10_tencent_rb.txt 0.10027589 0.098768596 28 7.4466
3 10|deepseek_sd_gen 16:32:12:960:150 10_tencent_rc.txt 0.057820931 0.054628231 28 8.0190
3 10|deepseek_sd_attention 16:32:12:960:150 10_tencent_rb.txt 0.058640449 0.052990723 28 8.0190
3 10|deepseek_sd_mlp_gate 32:8:12:480:50 10_tencent_rb.txt 0.10024386 0.098501401 28 8.0190
3 10|deepseek_sd_mlp_down 16:32:12:960:50 10_tencent_rc.txt 0.23993105 0.23339522 28 8.0190
3 10|deepseek_sd_mlp_up 256:32:12:960:150 10_tencent_rd.txt 0.10140851 0.09956252 28 8.0190
4 10|deepseek_sd_gen 256:16:12:480:50 10_tencent_rd.txt 0.026490161 0.024987283 28 8.7184
4 10|deepseek_sd_attention 128:16:12:480:50 10_tencent_ra.txt 0.027694395 0.024944824 28 8.7184
4 10|deepseek_sd_mlp_gate 256:16:12:480:50 10_tencent_rc.txt 0.068261242 0.06440653 28 8.7184
4 10|deepseek_sd_mlp_down 128:8:6:480:50 10_tencent_rb.txt 0.10101773 0.095680872 28 8.7184
4 10|deepseek_sd_mlp_up 64:8:12:480:150 10_tencent_re.txt 0.10086089 0.098296884 28 8.7184
5 10|deepseek_sd_gen 32:32:12:960:50 10_tencent_rb.txt 0.029802978 0.028632834 28 10.1863
5 10|deepseek_sd_attention 128:16:6:480:50 10_tencent_re.txt 0.029090391 0.026560664 28 10.1863
5 10|deepseek_sd_mlp_gate 128:16:2:480:50 10_tencent_ra.txt 0.09261545 0.090383177 28 10.1863
5 10|deepseek_sd_mlp_down 32:32:12:480:50 10_tencent_rc.txt 0.13625915 0.13436812 28 10.1863
5 10|deepseek_sd_mlp_up 32:32:12:960:50 10_tencent_rd.txt 0.11255618 0.11173138 28 10.1863
6 10|deepseek_sd_gen 128:8:12:480:50 10_tencent_ra.txt 0.024755493 0.023374606 28 10.2664
6 10|deepseek_sd_attention 128:16:12:480:50 10_tencent_rc.txt 0.03276416 0.030870352 28 10.2664
6 10|deepseek_sd_mlp_gate 128:32:12:480:0 10_tencent_rc.txt 0.085015366 0.082724128 28 10.2664
6 10|deepseek_sd_mlp_down 128:32:12:480:50 10_tencent_re.txt 0.13235833 0.12940154 28 10.2664
6 10|deepseek_sd_mlp_up 128:32:12:480:50 10_tencent_ra.txt 0.091253011 0.08882156 28 10.2664
7 10|deepseek_sd_gen 128:16:12:480:50 10_tencent_rb.txt 0.020625201 0.018709627 28 10.7623
7 10|deepseek_sd_attention 256:32:12:480:50 10_tencent_re.txt 0.033213809 0.031308809 28 10.7623
7 10|deepseek_sd_mlp_gate 128:16:12:480:50 10_tencent_rd.txt 0.086110842 0.082614325 28 10.7623
7 10|deepseek_sd_mlp_down 64:32:12:480:50 10_tencent_re.txt 0.13277374 0.12940154 28 10.7623
7 10|deepseek_sd_mlp_up 128:32:12:480:50 10_tencent_rc.txt 0.087076784 0.08607486 28 10.7623
8 10|deepseek_sd_gen 128:32:12:480:50 10_tencent_rd.txt 0.030204359 0.029249708 28 11.3870
8 10|deepseek_sd_attention 256:8:12:480:50 10_tencent_ra.txt 0.026420977 0.023363555 28 11.3870
8 10|deepseek_sd_mlp_gate 256:32:12:480:50 10_tencent_rc.txt 0.090880192 0.089078541 28 11.3870
8 10|deepseek_sd_mlp_down 128:32:12:480:50 10_tencent_rc.txt 0.14537765 0.14271837 28 11.3870
8 10|deepseek_sd_mlp_up 128:32:12:480:50 10_tencent_rb.txt 0.084942242 0.082142614 28 11.3870
9 10|deepseek_sd_gen 256:8:12:480:50 10_tencent_rb.txt 0.024686555 0.023774405 28 11.8788
9 10|deepseek_sd_attention 128:32:12:480:50 10_tencent_re.txt 0.028684102 0.025737305 28 11.8788
9 10|deepseek_sd_mlp_gate 128:32:12:480:150 10_tencent_rb.txt 0.089136808 0.087496496 28 11.8788
9 10|deepseek_sd_mlp_down 32:32:12:480:50 10_tencent_ra.txt 0.16253231 0.16047996 28 11.8788
9 10|deepseek_sd_mlp_up 32:32:12:480:0 10_tencent_rc.txt 0.11286865 0.11206544 28 11.8788
10 10|deepseek_sd_gen 256:16:12:480:50 10_tencent_rd.txt 0.026490161 0.024987283 28 11.8784
10 10|deepseek_sd_attention 256:16:12:480:50 10_tencent_ra.txt 0.025544121 0.022813184 28 11.8784
10 10|deepseek_sd_mlp_gate 256:8:12:480:50 10_tencent_re.txt 0.075399596 0.070241874 28 11.8784
10 10|deepseek_sd_mlp_down 128:32:12:480:150 10_tencent_rb.txt 0.12822981 0.12401105 28 11.8784
10 10|deepseek_sd_mlp_up 32:32:12:480:150 10_tencent_rd.txt 0.11286331 0.11173138 28 11.8784
11 10|deepseek_sd_gen 32:32:12:480:50 10_tencent_rb.txt 0.030089988 0.029615272 28 12.8785
11 10|deepseek_sd_attention 128:32:6:480:50 10_tencent_re.txt 0.029154434 0.026552344 28 12.8785
11 10|deepseek_sd_mlp_gate 128:32:12:480:50 10_tencent_re.txt 0.097921976 0.095889576 28 12.8785
11 10|deepseek_sd_mlp_down 32:32:12:480:50 10_tencent_ra.txt 0.16253231 0.16047996 28 12.8785
11 10|deepseek_sd_mlp_up 32:32:12:480:50 10_tencent_rc.txt 0.11576949 0.1137805 28 12.8785
12 10|deepseek_sd_gen 128:32:12:480:0 10_tencent_rb.txt 0.028197863 0.027365907 28 12.9292
12 10|deepseek_sd_attention 128:16:12:480:50 10_tencent_rc.txt 0.03276416 0.030870352 28 12.9292
12 10|deepseek_sd_mlp_gate 32:32:12:480:0 10_tencent_rd.txt 0.095561095 0.091276225 28 12.9292
12 10|deepseek_sd_mlp_down 128:32:12:480:0 10_tencent_re.txt 0.13169096 0.12864266 28 12.9292
12 10|deepseek_sd_mlp_up 32:32:12:480:50 10_tencent_ra.txt 0.093125001 0.08882156 28 12.9292
13 10|deepseek_sd_gen 128:32:12:480:50 10_tencent_rc.txt 0.028380469 0.027854986 28 13.8123
13 10|deepseek_sd_attention 128:32:12:480:50 10_tencent_ra.txt 0.032471836 0.030118711 28 13.8123
13 10|deepseek_sd_mlp_gate 128:32:12:480:150 10_tencent_rc.txt 0.10059787 0.098437098 28 13.8123
13 10|deepseek_sd_mlp_down 128:32:12:480:150 10_tencent_rc.txt 0.12806424 0.12474057 28 13.8123
13 10|deepseek_sd_mlp_up 128:32:12:960:0 10_tencent_rb.txt 0.085009098 0.083118305 28 13.8123
14 10|deepseek_sd_gen 128:32:12:480:50 10_tencent_ra.txt 0.026125418 0.024956624 28 14.1812
14 10|deepseek_sd_attention 128:16:12:480:0 10_tencent_ra.txt 0.029460352 0.027545098 28 14.1812
14 10|deepseek_sd_mlp_gate 32:32:12:480:50 10_tencent_ra.txt 0.11259774 0.11107442 28 14.1812
14 10|deepseek_sd_mlp_down 128:32:12:480:0 10_tencent_rb.txt 0.090098853 0.083437459 28 14.1812
14 10|deepseek_sd_mlp_up 128:32:12:480:150 10_tencent_rb.txt 0.085904236 0.083459553 28 14.1812
15 10|deepseek_sd_gen 128:32:12:480:50 10_tencent_rc.txt 0.028380469 0.027854986 28 15.1734
15 10|deepseek_sd_attention 128:16:12:480:0 10_tencent_rc.txt 0.030470449 0.027915703 28 15.1734
15 10|deepseek_sd_mlp_gate 128:16:12:480:0 10_tencent_ra.txt 0.078746382 0.077155051 28 15.1734
15 10|deepseek_sd_mlp_down 128:32:12:480:0 10_tencent_rd.txt 0.15718778 0.15217184 28 15.1734
15 10|deepseek_sd_mlp_up 32:32:12:480:50 10_tencent_rd.txt 0.11398618 0.11222701 28 15.1734
16 10|deepseek_sd_gen 128:32:12:480:0 10_tencent_rb.txt 0.028197863 0.027365907 28 15.5735
16 10|deepseek_sd_attention 128:16:12:480:0 10_tencent_rb.txt 0.031105781 0.02960127 28 15.5735
16 10|deepseek_sd_mlp_gate 64:32:12:480:0 10_tencent_rb.txt 0.091773937 0.09065455 28 15.5735
16 10|deepseek_sd_mlp_down 128:32:12:480:0 10_tencent_re.txt 0.13169096 0.12864266 28 15.5735
16 10|deepseek_sd_mlp_up 32:32:12:480:150 10_tencent_ra.txt 0.11330971 0.11142217 28 15.5735
17 10|deepseek_sd_gen 128:32:12:480:0 10_tencent_ra.txt 0.023696145 0.022253998 28 15.6329
17 10|deepseek_sd_attention 128:16:12:480:0 10_tencent_ra.txt 0.029460352 0.027545098 28 15.6329
17 10|deepseek_sd_mlp_gate 128:16:12:480:0 10_tencent_ra.txt 0.084620958 0.082554433 28 15.6329
17 10|deepseek_sd_mlp_down 128:32:12:480:0 10_tencent_rb.txt 0.090076295 0.083437459 28 15.6329
17 10|deepseek_sd_mlp_up 128:32:12:480:0 10_tencent_rb.txt 0.085657702 0.082817914 28 15.6329
18 10|deepseek_sd_gen 128:16:12:480:0 10_tencent_rb.txt 0.0205674 0.018709627 28 17.0096
18 10|deepseek_sd_attention 256:16:12:480:0 10_tencent_re.txt 0.026817891 0.024096738 28 17.0096
18 10|deepseek_sd_mlp_gate 64:32:12:480:0 10_tencent_re.txt 0.0826192 0.078280242 28 17.0096
18 10|deepseek_sd_mlp_down 64:32:12:480:0 10_tencent_rd.txt 0.13334365 0.13142026 28 17.0096
18 10|deepseek_sd_mlp_up 32:32:12:480:0 10_tencent_re.txt 0.084746082 0.079455342 28 17.0096
19 10|deepseek_sd_gen 128:32:12:480:50 10_tencent_re.txt 0.024494452 0.022894789 28 18.3268
19 10|deepseek_sd_attention 128:8:12:480:0 10_tencent_rd.txt 0.029402285 0.027057363 28 18.3268
19 10|deepseek_sd_mlp_gate 128:32:12:960:150 10_tencent_ra.txt 0.10067007 0.098828489 28 18.3268
19 10|deepseek_sd_mlp_down 128:32:12:960:50 10_tencent_rd.txt 0.1599092 0.15503244 28 18.3268
19 10|deepseek_sd_mlp_up 128:32:12:960:50 10_tencent_ra.txt 0.1011578 0.098828489 28 18.3268
20 10|deepseek_sd_gen 64:16:12:480:50 10_tencent_ra.txt 0.023760042 0.022429628 28 18.8897
20 10|deepseek_sd_attention 128:16:12:480:0 10_tencent_ra.txt 0.029460352 0.027545098 28 18.8897
20 10|deepseek_sd_mlp_gate 64:8:12:960:150 10_tencent_ra.txt 0.095030884 0.092563683 28 18.8897
20 10|deepseek_sd_mlp_down 64:32:12:480:150 10_tencent_rd.txt 0.15688815 0.15296562 28 18.8897
20 10|deepseek_sd_mlp_up 128:32:12:480:150 10_tencent_ra.txt 0.093034698 0.091948972 28 18.8897
21 10|deepseek_sd_gen 128:32:12:480:50 10_tencent_re.txt 0.022824913 0.020683119 28 19.2360
21 10|deepseek_sd_attention 128:16:12:480:0 10_tencent_re.txt 0.028949121 0.026539102 28 19.2360
21 10|deepseek_sd_mlp_gate 64:32:12:480:50 10_tencent_rb.txt 0.084927384 0.083167055 28 19.2360
21 10|deepseek_sd_mlp_down 128:8:12:960:50 10_tencent_ra.txt 0.12900104 0.12479164 28 19.2360
21 10|deepseek_sd_mlp_up 32:32:12:480:150 10_tencent_ra.txt 0.11330971 0.11142217 28 19.2360
22 10|deepseek_sd_gen 128:32:12:480:50 10_tencent_re.txt 0.024494452 0.022894789 28 19.8730
22 10|deepseek_sd_attention 128:8:12:480:0 10_tencent_ra.txt 0.02753127 0.024944824 28 19.8730
22 10|deepseek_sd_mlp_gate 64:32:12:480:0 10_tencent_ra.txt 0.093381286 0.092218953 28 19.8730
22 10|deepseek_sd_mlp_down 32:16:12:960:150 10_tencent_ra.txt 0.16995812 0.16929415 28 19.8730
22 10|deepseek_sd_mlp_up 128:32:12:480:150 10_tencent_rd.txt 0.1012748 0.099518646 28 19.8730
23 10|deepseek_sd_gen 64:16:12:480:50 10_tencent_re.txt 0.026563262 0.024666037 28 19.8053
23 10|deepseek_sd_attention 128:16:12:480:0 10_tencent_re.txt 0.028949121 0.026539102 28 19.8053
23 10|deepseek_sd_mlp_gate 128:16:12:480:150 10_tencent_ra.txt 0.085253776 0.082554433 28 19.8053
23 10|deepseek_sd_mlp_down 32:32:12:480:150 10_tencent_rd.txt 0.16419265 0.16105115 28 19.8053
23 10|deepseek_sd_mlp_up 64:32:12:480:150 10_tencent_rd.txt 0.086035164 0.081279047 28 19.8053
24 10|deepseek_sd_gen 32:32:12:960:150 10_tencent_rc.txt 0.03391498 0.032485554 28 20.7113
24 10|deepseek_sd_attention 128:8:12:480:0 10_tencent_re.txt 0.031841895 0.029698535 28 20.7113
24 10|deepseek_sd_mlp_gate 32:32:12:960:150 10_tencent_re.txt 0.11410735 0.11286679 28 20.7113
24 10|deepseek_sd_mlp_down 32:32:12:960:150 10_tencent_rc.txt 0.15937207 0.15832079 28 20.7113
24 10|deepseek_sd_mlp_up 32:32:12:960:150 10_tencent_re.txt 0.11410735 0.11286679 28 20.7113
25 10|deepseek_sd_gen 128:32:12:480:150 10_tencent_ra.txt 0.026519648 0.024956624 28 20.4949
25 10|deepseek_sd_attention 128:8:12:480:0 10_tencent_rd.txt 0.029367012 0.02665623 28 20.4949
25 10|deepseek_sd_mlp_gate 32:32:12:960:150 10_tencent_rc.txt 0.13062771 0.13049098 28 20.4949
25 10|deepseek_sd_mlp_down 128:32:12:480:150 10_tencent_ra.txt 0.13014212 0.12634559 28 20.4949
25 10|deepseek_sd_mlp_up 128:32:12:960:150 10_tencent_rb.txt 0.090758782 0.090058875 28 20.4949
26 10|deepseek_sd_gen 128:32:12:960:150 10_tencent_rc.txt 0.028687177 0.027568386 28 20.5880
26 10|deepseek_sd_attention 128:16:12:480:50 10_tencent_rd.txt 0.031044492 0.028244531 28 20.5880
26 10|deepseek_sd_mlp_gate 32:32:12:960:150 10_tencent_ra.txt 0.09181758 0.08882156 28 20.5880
26 10|deepseek_sd_mlp_down 32:32:12:960:150 10_tencent_re.txt 0.12332836 0.11791148 28 20.5880
26 10|deepseek_sd_mlp_up 32:32:12:960:150 10_tencent_ra.txt 0.092077578 0.08882156 28 20.5880
27 10|deepseek_sd_gen 128:32:12:960:0 10_tencent_rb.txt 0.020234078 0.018684479 28 21.7119
27 10|deepseek_sd_attention 128:8:12:960:50 10_tencent_rc.txt 0.030113496 0.027564434 28 21.7119
27 10|deepseek_sd_mlp_gate 128:32:12:960:50 10_tencent_re.txt 0.10245199 0.099595252 28 21.7119
27 10|deepseek_sd_mlp_down 32:32:12:960:50 10_tencent_rd.txt 0.16232248 0.15503244 28 21.7119
27 10|deepseek_sd_mlp_up 32:32:12:960:150 10_tencent_re.txt 0.11832188 0.11517033 28 21.7119
28 10|deepseek_sd_gen 128:32:12:480:0 10_tencent_re.txt 0.024465083 0.022869582 28 22.7188
28 10|deepseek_sd_attention 128:16:12:480:0 10_tencent_re.txt 0.028949121 0.026539102 28 22.7188
28 10|deepseek_sd_mlp_gate 32:32:12:480:0 10_tencent_re.txt 0.085017223 0.079658234 28 22.7188
28 10|deepseek_sd_mlp_down 128:32:12:480:0 10_tencent_rb.txt 0.090098853 0.083437459 28 22.7188
28 10|deepseek_sd_mlp_up 128:32:12:480:150 10_tencent_re.txt 0.09444403 0.089957197 28 22.7188
29 10|deepseek_sd_gen 128:32:12:480:150 10_tencent_rc.txt 0.02559038 0.023987435 28 24.8944
29 10|deepseek_sd_attention 128:32:12:480:50 10_tencent_ra.txt 0.032471836 0.030118711 28 24.8944
29 10|deepseek_sd_mlp_gate 128:32:12:960:50 10_tencent_rb.txt 0.090685657 0.088806239 28 24.8944
29 10|deepseek_sd_mlp_down 32:32:12:480:150 10_tencent_rc.txt 0.15418035 0.15220163 28 24.8944
29 10|deepseek_sd_mlp_up 128:32:12:960:150 10_tencent_rc.txt 0.13581167 0.13482576 28 24.8944
30 10|deepseek_sd_gen 64:16:12:960:50 10_tencent_ra.txt 0.029128479 0.027970764 28 24.8973
30 10|deepseek_sd_attention 128:8:12:480:0 10_tencent_rc.txt 0.027646934 0.024903633 28 24.8973
30 10|deepseek_sd_mlp_gate 128:32:12:480:150 10_tencent_rd.txt 0.10135906 0.099518646 28 24.8973
30 10|deepseek_sd_mlp_down 32:32:12:960:150 10_tencent_rb.txt 0.13280396 0.13112148 28 24.8973
30 10|deepseek_sd_mlp_up 32:16:12:960:150 10_tencent_ra.txt 0.10268343 0.098828489 28 24.8973
31 10|deepseek_sd_gen 128:16:12:480:50 10_tencent_rb.txt 0.020625201 0.018709627 28 25.3300
31 10|deepseek_sd_attention 128:8:12:480:0 10_tencent_rb.txt 0.026430176 0.023924531 28 25.3300
31 10|deepseek_sd_mlp_gate 128:32:12:960:50 10_tencent_rc.txt 0.10152156 0.099416503 28 25.3300
31 10|deepseek_sd_mlp_down 32:32:12:480:150 10_tencent_re.txt 0.1238391 0.11791148 28 25.3300
31 10|deepseek_sd_mlp_up 128:32:12:960:50 10_tencent_rc.txt 0.10152156 0.099416503 28 25.3300
32 10|deepseek_sd_gen 128:32:12:960:150 10_tencent_ra.txt 0.028826989 0.027753512 28 26.2767
32 10|deepseek_sd_attention 128:32:12:480:50 10_tencent_rd.txt 0.030241992 0.027738047 28 26.2767
32 10|deepseek_sd_mlp_gate 64:32:12:960:50 10_tencent_rb.txt 0.093810515 0.092882413 28 26.2767
32 10|deepseek_sd_mlp_down 64:32:12:960:50 10_tencent_rd.txt 0.15992282 0.15503244 28 26.2767
32 10|deepseek_sd_mlp_up 64:32:12:960:150 10_tencent_ra.txt 0.10263352 0.099340361 28 26.2767
33 10|deepseek_sd_gen 128:32:12:960:150 10_tencent_rd.txt 0.028498884 0.027305234 28 26.8039
33 10|deepseek_sd_attention 128:16:12:480:0 10_tencent_rd.txt 0.029534473 0.026706387 28 26.8039
33 10|deepseek_sd_mlp_gate 128:32:12:480:50 10_tencent_rc.txt 0.087076784 0.08607486 28 26.8039
33 10|deepseek_sd_mlp_down 64:32:12:960:150 10_tencent_rc.txt 0.1554836 0.1530367 28 26.8039
33 10|deepseek_sd_mlp_up 32:32:12:480:150 10_tencent_ra.txt 0.11330971 0.11142217 28 26.8039
34 10|deepseek_sd_gen 128:16:12:480:0 10_tencent_rb.txt 0.0205674 0.018709627 28 26.9343
34 10|deepseek_sd_attention 128:32:12:480:150 10_tencent_rd.txt 0.030938203 0.028210957 28 26.9343
34 10|deepseek_sd_mlp_gate 64:32:12:960:50 10_tencent_re.txt 0.084600065 0.080737228 28 26.9343
34 10|deepseek_sd_mlp_down 64:32:12:960:150 10_tencent_rc.txt 0.1554836 0.1530367 28 26.9343
34 10|deepseek_sd_mlp_up 64:32:12:480:50 10_tencent_rb.txt 0.085022563 0.083168215 28 26.9343
35 10|deepseek_sd_gen 128:32:12:480:50 10_tencent_rc.txt 0.028380469 0.027854986 28 27.6269
35 10|deepseek_sd_attention 128:16:12:480:0 10_tencent_rc.txt 0.028890762 0.026604844 28 27.6269
35 10|deepseek_sd_mlp_gate 64:32:12:960:150 10_tencent_re.txt 0.11957847 0.11818887 28 27.6269
35 10|deepseek_sd_mlp_down 32:32:12:960:150 10_tencent_rb.txt 0.1325405 0.13083121 28 27.6269
35 10|deepseek_sd_mlp_up 128:32:12:960:150 10_tencent_rc.txt 0.1236312 0.1218639 28 27.6269
36 10|deepseek_sd_gen 128:32:12:480:50 10_tencent_rc.txt 0.028380469 0.027854986 28 27.5135
36 10|deepseek_sd_attention 128:32:12:480:50 10_tencent_re.txt 0.028684102 0.025737305 28 27.5135
36 10|deepseek_sd_mlp_gate 32:32:12:960:150 10_tencent_ra.txt 0.09181758 0.08882156 28 27.5135
36 10|deepseek_sd_mlp_down 64:32:12:960:150 10_tencent_rb.txt 0.13046815 0.12921044 28 27.5135
36 10|deepseek_sd_mlp_up 32:32:12:960:150 10_tencent_ra.txt 0.091813865 0.08882156 28 27.5135
37 10|deepseek_sd_gen 128:32:12:480:0 10_tencent_rd.txt 0.02729052 0.026085497 28 27.9573
37 10|deepseek_sd_attention 128:32:12:480:150 10_tencent_rd.txt 0.030938203 0.028210957 28 27.9573
37 10|deepseek_sd_mlp_gate 128:32:12:480:150 10_tencent_ra.txt 0.093034698 0.091948972 28 27.9573
37 10|deepseek_sd_mlp_down 64:32:12:960:50 10_tencent_re.txt 0.15484006 0.15322908 28 27.9573
37 10|deepseek_sd_mlp_up 32:32:12:960:50 10_tencent_rd.txt 0.11255618 0.11173138 28 27.9573
38 10|deepseek_sd_gen 128:16:12:480:50 10_tencent_rc.txt 0.025195154 0.023759222 28 27.8475
38 10|deepseek_sd_attention 128:32:12:480:50 10_tencent_rc.txt 0.032963613 0.031320996 28 27.8475
38 10|deepseek_sd_mlp_gate 64:32:12:960:50 10_tencent_ra.txt 0.099912358 0.098828489 28 27.8475
38 10|deepseek_sd_mlp_down 64:32:12:960:50 10_tencent_rc.txt 0.13168287 0.13099124 28 27.8475
38 10|deepseek_sd_mlp_up 64:32:12:960:50 10_tencent_re.txt 0.084600065 0.080737228 28 27.8475
39 10|deepseek_sd_gen 128:32:12:480:50 10_tencent_rd.txt 0.030204359 0.029249708 28 28.0118
39 10|deepseek_sd_attention 128:8:12:480:50 10_tencent_rc.txt 0.029360039 0.026864883 28 28.0118
39 10|deepseek_sd_mlp_gate 32:32:12:960:150 10_tencent_rc.txt 0.10985638 0.10981413 28 28.0118
39 10|deepseek_sd_mlp_down 64:32:12:960:50 10_tencent_rd.txt 0.15992282 0.15503244 28 28.0118
39 10|deepseek_sd_mlp_up 32:32:12:960:150 10_tencent_ra.txt 0.09181758 0.08882156 28 28.0118
40 10|deepseek_sd_gen 64:32:12:960:50 10_tencent_re.txt 0.025404257 0.023749256 28 28.3626
40 10|deepseek_sd_attention 128:32:12:960:50 10_tencent_re.txt 0.032733164 0.030695801 28 28.3626
40 10|deepseek_sd_mlp_gate 32:32:12:960:50 10_tencent_rd.txt 0.11255618 0.11173138 28 28.3626
40 10|deepseek_sd_mlp_down 64:32:12:960:50 10_tencent_rc.txt 0.13168287 0.13099124 28 28.3626
40 10|deepseek_sd_mlp_up 64:32:12:960:150 10_tencent_rb.txt 0.099973875 0.099123308 28 28.3626
41 10|deepseek_sd_gen 128:32:12:480:50 10_tencent_rd.txt 0.030204359 0.029249708 28 28.1156
41 10|deepseek_sd_attention 128:32:12:480:50 10_tencent_ra.txt 0.030322441 0.028065 28 28.1156
41 10|deepseek_sd_mlp_gate 64:32:12:960:50 10_tencent_ra.txt 0.099760073 0.098828489 28 28.1156
41 10|deepseek_sd_mlp_down 32:32:12:960:50 10_tencent_re.txt 0.1227542 0.11791148 28 28.1156
41 10|deepseek_sd_mlp_up 32:32:12:960:50 10_tencent_re.txt 0.11236792 0.11152849 28 28.1156
42 10|deepseek_sd_gen 64:32:12:960:50 10_tencent_rb.txt 0.026774065 0.026383881 28 28.3581
42 10|deepseek_sd_attention 128:32:12:480:50 10_tencent_rd.txt 0.030241992 0.027738047 28 28.3581
42 10|deepseek_sd_mlp_gate 64:32:12:960:150 10_tencent_ra.txt 0.10263352 0.099340361 28 28.3581
42 10|deepseek_sd_mlp_down 32:32:12:960:150 10_tencent_rd.txt 0.18537836 0.18339071 28 28.3581
42 10|deepseek_sd_mlp_up 64:32:12:480:150 10_tencent_re.txt 0.084509762 0.079773609 28 28.3581
43 10|deepseek_sd_gen 128:32:12:960:50 10_tencent_ra.txt 0.026507455 0.025127212 28 28.8610
43 10|deepseek_sd_attention 128:32:12:480:0 10_tencent_re.txt 0.028582852 0.025737305 28 28.8610
43 10|deepseek_sd_mlp_gate 32:32:12:960:50 10_tencent_rd.txt 0.11255618 0.11173138 28 28.8610
43 10|deepseek_sd_mlp_down 128:32:12:960:50 10_tencent_re.txt 0.16881873 0.16643908 28 28.8610
43 10|deepseek_sd_mlp_up 32:32:12:960:50 10_tencent_re.txt 0.11217849 0.11125828 28 28.8610
44 10|deepseek_sd_gen 128:32:12:960:50 10_tencent_rd.txt 0.034273802 0.03390009 28 28.7916
44 10|deepseek_sd_attention 64:32:12:960:50 10_tencent_rb.txt 0.034763613 0.033766406 28 28.7916
44 10|deepseek_sd_mlp_gate 128:32:12:960:50 10_tencent_rb.txt 0.090685657 0.088806239 28 28.7916
44 10|deepseek_sd_mlp_down 32:32:12:960:50 10_tencent_rb.txt 0.13018682 0.12889463 28 28.7916
44 10|deepseek_sd_mlp_up 32:32:12:960:50 10_tencent_ra.txt 0.10281691 0.098828489 28 28.7916
45 10|deepseek_sd_gen 64:32:12:960:50 10_tencent_rc.txt 0.033621697 0.033509437 28 28.8778
45 10|deepseek_sd_attention 128:32:12:960:50 10_tencent_re.txt 0.032733164 0.030695801 28 28.8778
45 10|deepseek_sd_mlp_gate 128:32:2:960:50 10_tencent_rc.txt 0.13394455 0.13223576 28 28.8778
45 10|deepseek_sd_mlp_down 32:32:12:960:50 10_tencent_rc.txt 0.17054462 0.16972402 28 28.8778
45 10|deepseek_sd_mlp_up 64:32:12:960:50 10_tencent_ra.txt 0.099912358 0.098828489 28 28.8778
46 10|deepseek_sd_gen 64:32:12:960:50 10_tencent_rc.txt 0.036321098 0.035445411 28 28.4899
46 10|deepseek_sd_attention 64:32:12:960:50 10_tencent_rc.txt 0.040591406 0.039680801 28 28.4899
46 10|deepseek_sd_mlp_gate 64:32:12:960:50 10_tencent_ra.txt 0.099912358 0.098828489 28 28.4899
46 10|deepseek_sd_mlp_down 64:32:12:960:50 10_tencent_rd.txt 0.15992282 0.15503244 28 28.4899
46 10|deepseek_sd_mlp_up 32:32:12:960:50 10_tencent_rd.txt 0.11255618 0.11173138 28 28.4899
47 10|deepseek_sd_gen 64:32:12:960:50 10_tencent_ra.txt 0.026233282 0.024956624 28 28.4453
47 10|deepseek_sd_attention 64:32:12:960:50 10_tencent_rd.txt 0.029495742 0.027072422 28 28.4453
47 10|deepseek_sd_mlp_gate 64:32:12:960:50 10_tencent_rc.txt 0.11524949 0.11458348 28 28.4453
47 10|deepseek_sd_mlp_down 64:32:12:960:50 10_tencent_rc.txt 0.13168287 0.13099124 28 28.4453
47 10|deepseek_sd_mlp_up 64:32:12:960:50 10_tencent_re.txt 0.084571511 0.080737228 28 28.4453
48 10|deepseek_sd_gen 64:32:12:960:50 10_tencent_rb.txt 0.0283698 0.02809592 28 28.5934
48 10|deepseek_sd_attention 128:32:12:960:50 10_tencent_rc.txt 0.042086426 0.040614316 28 28.5934
48 10|deepseek_sd_mlp_gate 64:32:12:960:50 10_tencent_rb.txt 0.093810515 0.092882413 28 28.5934
48 10|deepseek_sd_mlp_down 128:32:12:960:50 10_tencent_re.txt 0.16881873 0.16643908 28 28.5934
48 10|deepseek_sd_mlp_up 64:32:12:960:50 10_tencent_rd.txt 0.10153363 0.099705984 28 28.5934
49 10|deepseek_sd_gen 64:32:12:960:50 10_tencent_rc.txt 0.033621697 0.033509437 28 28.3850
49 10|deepseek_sd_attention 64:32:12:960:50 10_tencent_rc.txt 0.040858301 0.039523008 28 28.3850
49 10|deepseek_sd_mlp_gate 64:32:12:960:50 10_tencent_rd.txt 0.10149139 0.099878233 28 28.3850
49 10|deepseek_sd_mlp_down 64:32:12:960:50 10_tencent_rc.txt 0.13168287 0.13099124 28 28.3850
49 10|deepseek_sd_mlp_up 64:32:12:960:50 10_tencent_rb.txt 0.093810515 0.092882413 28 28.3850
50 10|deepseek_sd_gen 64:32:12:960:50 10_tencent_re.txt 0.025404257 0.023749256 28 27.9680
50 10|deepseek_sd_attention 64:32:12:960:50 10_tencent_ra.txt 0.030872754 0.028830059 28 27.9680
50 10|deepseek_sd_mlp_gate 64:32:12:960:50 10_tencent_rc.txt 0.11524949 0.11458348 28 27.9680
50 10|deepseek_sd_mlp_down 64:32:12:960:50 10_tencent_re.txt 0.15484006 0.15322908 28 27.9680
50 10|deepseek_sd_mlp_up 64:32:12:960:50 10_tencent_rd.txt 0.10149139 0.099878233 28 27.9680
51 10|deepseek_sd_gen 64:32:12:960:50 10_tencent_ra.txt 0.02926407 0.028231981 28 27.8547
51 10|deepseek_sd_attention 64:32:12:960:50 10_tencent_re.txt 0.037691953 0.035571973 28 27.8547
51 10|deepseek_sd_mlp_gate 64:32:12:960:50 10_tencent_rc.txt 0.11520979 0.11458348 28 27.8547
51 10|deepseek_sd_mlp_down 64:32:12:960:50 10_tencent_ra.txt 0.16445739 0.16285025 28 27.8547
51 10|deepseek_sd_mlp_up 64:32:12:960:50 10_tencent_rb.txt 0.093810515 0.092882413 28 27.8547
52 10|deepseek_sd_gen 64:32:12:960:50 10_tencent_rc.txt 0.033058931 0.031805721 28 27.5714
52 10|deepseek_sd_attention 64:32:12:960:50 10_tencent_ra.txt 0.030872754 0.028830059 28 27.5714
52 10|deepseek_sd_mlp_gate 64:32:12:960:50 10_tencent_rd.txt 0.10149139 0.099878233 28 27.5714
52 10|deepseek_sd_mlp_down 64:32:12:960:50 10_tencent_re.txt 0.15657234 0.15322057 28 27.5714
52 10|deepseek_sd_mlp_up 64:32:12:960:50 10_tencent_rb.txt 0.093810515 0.092882413 28 27.5714
53 10|deepseek_sd_gen 64:32:12:960:50 10_tencent_rc.txt 0.033621697 0.033509437 28 27.6764
53 10|deepseek_sd_attention 64:32:12:960:50 10_tencent_rd.txt 0.029395078 0.02683957 28 27.6764
53 10|deepseek_sd_mlp_gate 64:32:12:960:50 10_tencent_rc.txt 0.11524949 0.11458348 28 27.6764
53 10|deepseek_sd_mlp_down 64:32:12:960:50 10_tencent_re.txt 0.15484006 0.15322908 28 27.6764
53 10|deepseek_sd_mlp_up 64:32:12:960:50 10_tencent_ra.txt 0.099912358 0.098828489 28 27.6764
54 10|deepseek_sd_gen 64:32:12:960:50 10_tencent_rd.txt 0.026655825 0.025320077 28 27.3725
54 10|deepseek_sd_attention 64:32:12:960:50 10_tencent_ra.txt 0.029326523 0.027046934 28 27.3725
54 10|deepseek_sd_mlp_gate 64:32:12:960:50 10_tencent_rb.txt 0.093810515 0.092882413 28 27.3725
54 10|deepseek_sd_mlp_down 64:32:12:960:50 10_tencent_ra.txt 0.16445739 0.16285025 28 27.3725
54 10|deepseek_sd_mlp_up 64:32:12:960:50 10_tencent_rd.txt 0.10149139 0.099878233 28 27.3725
55 10|deepseek_sd_gen 64:32:12:960:50 10_tencent_rb.txt 0.026774065 0.026383881 28 27.3062
55 10|deepseek_sd_attention 64:32:12:960:50 10_tencent_rd.txt 0.029495742 0.027072422 28 27.3062
55 10|deepseek_sd_mlp_gate 64:32:12:960:50 10_tencent_rb.txt 0.093810515 0.092882413 28 27.3062
55 10|deepseek_sd_mlp_down 64:32:12:960:50 10_tencent_re.txt 0.15468343 0.15322908 28 27.3062
55 10|deepseek_sd_mlp_up 64:32:12:960:50 10_tencent_re.txt 0.084600065 0.080737228 28 27.3062
56 10|deepseek_sd_gen 64:32:12:960:50 10_tencent_rb.txt 0.026810352 0.026383881 28 27.4695
56 10|deepseek_sd_attention 128:32:12:960:50 10_tencent_rc.txt 0.042086426 0.040614316 28 27.4695
56 10|deepseek_sd_mlp_gate 64:32:12:960:50 10_tencent_ra.txt 0.099912358 0.098828489 28 27.4695
56 10|deepseek_sd_mlp_down 64:32:12:960:50 10_tencent_ra.txt 0.16445739 0.16285025 28 27.4695
56 10|deepseek_sd_mlp_up 64:32:12:960:50 10_tencent_ra.txt 0.099878929 0.098828489 28 27.4695
57 10|deepseek_sd_gen 64:32:12:960:50 10_tencent_ra.txt 0.026233282 0.024956624 28 27.1206
57 10|deepseek_sd_attention 64:32:12:960:50 10_tencent_ra.txt 0.030872754 0.028830059 28 27.1206
57 10|deepseek_sd_mlp_gate 64:32:12:960:50 10_tencent_rd.txt 0.10148651 0.09993209 28 27.1206
57 10|deepseek_sd_mlp_down 64:32:12:960:50 10_tencent_re.txt 0.15484006 0.15322908 28 27.1206
57 10|deepseek_sd_mlp_up 64:32:12:960:50 10_tencent_rc.txt 0.11524949 0.11458348 28 27.1206
58 10|deepseek_sd_gen 64:32:12:960:50 10_tencent_ra.txt 0.026233282 0.024956624 28 26.9546
58 10|deepseek_sd_attention 64:32:12:960:50 10_tencent_rd.txt 0.029495742 0.027072422 28 26.9546
58 10|deepseek_sd_mlp_gate 64:32:12:960:50 10_tencent_rd.txt 0.10149139 0.099878233 28 26.9546
58 10|deepseek_sd_mlp_down 64:32:12:960:50 10_tencent_rc.txt 0.13168287 0.13099124 28 26.9546
58 10|deepseek_sd_mlp_up 64:32:12:960:50 10_tencent_re.txt 0.084600065 0.080737228 28 26.9546
59 10|deepseek_sd_gen 64:32:12:960:50 10_tencent_rc.txt 0.033621697 0.033509437 28 27.2756
59 10|deepseek_sd_attention 64:32:12:960:50 10_tencent_rc.txt 0.040591406 0.039680801 28 27.2756
59 10|deepseek_sd_mlp_gate 64:32:12:960:50 10_tencent_rb.txt 0.093810515 0.092882413 28 27.2756
59 10|deepseek_sd_mlp_down 64:32:12:960:50 10_tencent_re.txt 0.15484006 0.15322908 28 27.2756
59 10|deepseek_sd_mlp_up 32:32:12:960:50 10_tencent_rc.txt 0.11976604 0.11762383 28 27.2756
