0 10|deepseek_sd_gen 128:16:12:480:0 10_tencent_re.txt 0.024260904 0.022688442 28 5.0000
0 10|deepseek_sd_attention 64:16:12:240:150 10_tencent_rc.txt 0.029756367 0.026936719 28 5.0000
0 10|deepseek_sd_mlp_gate 128:32:2:960:0 10_tencent_re.txt 0.13247695 0.12892843 28 5.0000
0 10|deepseek_sd_mlp_down 64:8:6:480:50 10_tencent_rb.txt 0.12777397 0.12269631 28 5.0000
0 10|deepseek_sd_mlp_up 256:32:6:480:150 10_tencent_re.txt 0.084581493 0.079578145 28 5.0000
1 10|deepseek_sd_gen 256:8:2:240:50 10_tencent_rd.txt 0.023713849 0.020951253 28 6.2592
1 10|deepseek_sd_attention 64:16:6:240:150 10_tencent_rb.txt 0.028853262 0.026330801 28 6.2592
1 10|deepseek_sd_mlp_gate 64:32:2:240:50 10_tencent_rb.txt 0.073714016 0.069803358 28 6.2592
1 10|deepseek_sd_mlp_down 128:8:2:960:50 10_tencent_rc.txt 0.20607333 0.20206143 28 6.2592
1 10|deepseek_sd_mlp_up 128:8:2:240:50 10_tencent_rb.txt 0.077508835 0.072727182 28 6.2592
2 10|deepseek_sd_gen 256:16:6:240:50 10_tencent_rc.txt 0.021380831 0.019253986 28 7.4537
2 10|deepseek_sd_attention 32:16:12:960:50 10_tencent_ra.txt 0.035517246 0.032912988 28 7.4537
2 10|deepseek_sd_mlp_gate 32:16:6:960:50 10_tencent_ra.txt 0.10703794 0.10448346 28 7.4537
2 10|deepseek_sd_mlp_down 16:16:2:960:0 10_tencent_rd.txt 0.24192168 0.22945525 28 7.4537
2 10|deepseek_sd_mlp_up 32:16:2:480:150 10_tencent_re.txt 0.12051075 0.11813826 28 7.4537
3 10|deepseek_sd_gen 64:32:2:960:150 10_tencent_rc.txt 0.040913914 0.039456995 28 8.5554
3 10|deepseek_sd_attention 64:32:6:960:50 10_tencent_re.txt 0.041430996 0.039329707 28 8.5554
3 10|deepseek_sd_mlp_gate 256:16:2:480:50 10_tencent_rb.txt 0.074838046 0.07259904 28 8.5554
3 10|deepseek_sd_mlp_down 128:16:2:480:150 10_tencent_rd.txt 0.1666719 0.16120139 28 8.5554
3 10|deepseek_sd_mlp_up 64:16:2:960:50 10_tencent_ra.txt 0.094690332 0.092563683 28 8.5554
4 10|deepseek_sd_gen 64:16:12:480:50 10_tencent_rc.txt 0.024126837 0.022933304 28 9.1555
4 10|deepseek_sd_attention 64:16:12:480:50 10_tencent_rb.txt 0.031016719 0.029468965 28 9.1555
4 10|deepseek_sd_mlp_gate 128:16:12:480:50 10_tencent_rc.txt 0.085010027 0.082430237 28 9.1555
4 10|deepseek_sd_mlp_down 64:16:12:480:50 10_tencent_ra.txt 0.1249853 0.12235284 28 9.1555
4 10|deepseek_sd_mlp_up 128:16:12:480:50 10_tencent_rc.txt 0.085010027 0.082430237 28 9.1555
5 10|deepseek_sd_gen 64:16:6:480:50 10_tencent_rc.txt 0.02980075 0.028503574 28 9.6596
5 10|deepseek_sd_attention 64:16:6:480:50 10_tencent_rd.txt 0.033273223 0.030840762 28 9.6596
5 10|deepseek_sd_mlp_gate 64:16:12:480:50 10_tencent_rb.txt 0.084976831 0.083159626 28 9.6596
5 10|deepseek_sd_mlp_down 64:16:6:480:50 10_tencent_rb.txt 0.093917098 0.085912019 28 9.6596
5 10|deepseek_sd_mlp_up 64:16:2:480:50 10_tencent_rd.txt 0.090919424 0.087922243 28 9.6596
6 10|deepseek_sd_gen 64:16:12:480:50 10_tencent_re.txt 0.026563262 0.024666037 28 11.1453
6 10|deepseek_sd_attention 64:32:12:480:50 10_tencent_rb.txt 0.033002637 0.032030742 28 11.1453
6 10|deepseek_sd_mlp_gate 64:16:12:480:50 10_tencent_re.txt 0.089740609 0.086822356 28 11.1453
6 10|deepseek_sd_mlp_down 64:16:12:480:50 10_tencent_rb.txt 0.12759436 0.12350074 28 11.1453
6 10|deepseek_sd_mlp_up 64:16:12:480:50 10_tencent_ra.txt 0.093500606 0.092394452 28 11.1453
7 10|deepseek_sd_gen 64:32:12:480:50 10_tencent_rb.txt 0.021450591 0.019933116 28 11.6284
7 10|deepseek_sd_attention 64:32:12:480:50 10_tencent_rc.txt 0.036984551 0.03508916 28 11.6284
7 10|deepseek_sd_mlp_gate 64:32:12:480:50 10_tencent_re.txt 0.082386362 0.078280242 28 11.6284
7 10|deepseek_sd_mlp_down 128:32:2:480:50 10_tencent_rd.txt 0.17072594 0.16659188 28 11.6284
7 10|deepseek_sd_mlp_up 64:32:12:480:50 10_tencent_rd.txt 0.088146028 0.084557583 28 11.6284
8 10|deepseek_sd_gen 64:16:12:480:50 10_tencent_re.txt 0.026563262 0.024666037 28 12.5351
8 10|deepseek_sd_attention 256:16:12:480:50 10_tencent_rc.txt 0.02926166 0.027042656 28 12.5351
8 10|deepseek_sd_mlp_gate 64:16:12:480:50 10_tencent_re.txt 0.089740609 0.086822356 28 12.5351
8 10|deepseek_sd_mlp_down 64:16:12:480:50 10_tencent_rb.txt 0.12759436 0.12350074 28 12.5351
8 10|deepseek_sd_mlp_up 64:16:2:480:50 10_tencent_ra.txt 0.11474876 0.11214111 28 12.5351
9 10|deepseek_sd_gen 64:16:12:480:50 10_tencent_rd.txt 0.026620184 0.02486066 28 13.3056
9 10|deepseek_sd_attention 128:16:12:480:50 10_tencent_ra.txt 0.027694395 0.024944824 28 13.3056
9 10|deepseek_sd_mlp_gate 64:16:2:480:50 10_tencent_rb.txt 0.094485351 0.091091209 28 13.3056
9 10|deepseek_sd_mlp_down 128:16:12:480:50 10_tencent_rc.txt 0.12728068 0.12259289 28 13.3056
9 10|deepseek_sd_mlp_up 128:16:12:480:50 10_tencent_rc.txt 0.085010027 0.082430237 28 13.3056
10 10|deepseek_sd_gen 64:16:12:480:50 10_tencent_re.txt 0.026563262 0.024666037 28 14.4063
10 10|deepseek_sd_attention 64:16:12:240:50 10_tencent_re.txt 0.032005371 0.029698535 28 14.4063
10 10|deepseek_sd_mlp_gate 64:16:12:480:0 10_tencent_rb.txt 0.076260609 0.074165764 28 14.4063
10 10|deepseek_sd_mlp_down 64:16:12:960:150 10_tencent_rb.txt 0.13118532 0.12965521 28 14.4063
10 10|deepseek_sd_mlp_up 64:16:2:960:50 10_tencent_rc.txt 0.10088851 0.098393223 28 14.4063
11 10|deepseek_sd_gen 256:16:12:240:0 10_tencent_re.txt 0.023330757 0.021795696 28 14.8132
11 10|deepseek_sd_attention 256:16:12:480:50 10_tencent_rd.txt 0.033405762 0.030922148 28 14.8132
11 10|deepseek_sd_mlp_gate 64:16:12:960:50 10_tencent_ra.txt 0.093032609 0.090383177 28 14.8132
11 10|deepseek_sd_mlp_down 64:32:12:960:0 10_tencent_rd.txt 0.16152997 0.15503244 28 14.8132
11 10|deepseek_sd_mlp_up 64:16:12:960:50 10_tencent_ra.txt 0.093032609 0.090383177 28 14.8132
12 10|deepseek_sd_gen 64:16:12:480:50 10_tencent_rb.txt 0.020274117 0.018618119 28 15.7689
12 10|deepseek_sd_attention 64:16:12:480:50 10_tencent_rb.txt 0.030498574 0.028494082 28 15.7689
12 10|deepseek_sd_mlp_gate 64:16:12:480:50 10_tencent_rc.txt 0.087296854 0.085772844 28 15.7689
12 10|deepseek_sd_mlp_down 64:16:12:480:50 10_tencent_rd.txt 0.13362754 0.13172331 28 15.7689
12 10|deepseek_sd_mlp_up 64:16:12:480:150 10_tencent_re.txt 0.11964045 0.11766214 28 15.7689
13 10|deepseek_sd_gen 64:16:12:480:0 10_tencent_rc.txt 0.02638007 0.024992559 28 15.9274
13 10|deepseek_sd_attention 64:16:12:480:0 10_tencent_ra.txt 0.027415957 0.024944824 28 15.9274
13 10|deepseek_sd_mlp_gate 64:32:12:480:0 10_tencent_ra.txt 0.089220147 0.088051778 28 15.9274
13 10|deepseek_sd_mlp_down 64:16:12:480:50 10_tencent_rc.txt 0.12467502 0.12240774 28 15.9274
13 10|deepseek_sd_mlp_up 64:16:12:480:0 10_tencent_rb.txt 0.076260609 0.074165764 28 15.9274
14 10|deepseek_sd_gen 64:16:12:240:50 10_tencent_re.txt 0.025215086 0.023601823 28 16.2923
14 10|deepseek_sd_attention 64:16:12:480:0 10_tencent_rc.txt 0.029245723 0.027177188 28 16.2923
14 10|deepseek_sd_mlp_gate 64:16:12:480:50 10_tencent_re.txt 0.089740609 0.086822356 28 16.2923
14 10|deepseek_sd_mlp_down 64:16:12:960:50 10_tencent_rd.txt 0.15418247 0.15146957 28 16.2923
14 10|deepseek_sd_mlp_up 64:16:12:960:50 10_tencent_rb.txt 0.085355686 0.083216501 28 16.2923
15 10|deepseek_sd_gen 64:16:12:480:50 10_tencent_rc.txt 0.024126837 0.022933304 28 16.7845
15 10|deepseek_sd_attention 64:16:12:240:0 10_tencent_rc.txt 0.030462012 0.028520508 28 16.7845
15 10|deepseek_sd_mlp_gate 64:16:12:960:50 10_tencent_rd.txt 0.085994307 0.082614325 28 16.7845
15 10|deepseek_sd_mlp_down 64:16:12:480:50 10_tencent_rb.txt 0.12759436 0.12350074 28 16.7845
15 10|deepseek_sd_mlp_up 64:32:12:960:0 10_tencent_rb.txt 0.093520803 0.092882413 28 16.7845
16 10|deepseek_sd_gen 64:16:12:480:0 10_tencent_rb.txt 0.020249085 0.018623571 28 17.3392
16 10|deepseek_sd_attention 64:16:12:480:0 10_tencent_rc.txt 0.029245723 0.027177188 28 17.3392
16 10|deepseek_sd_mlp_gate 64:32:12:480:0 10_tencent_rd.txt 0.089493146 0.087840297 28 17.3392
16 10|deepseek_sd_mlp_down 64:16:12:480:0 10_tencent_rb.txt 0.099845998 0.088393815 28 17.3392
16 10|deepseek_sd_mlp_up 64:16:12:960:0 10_tencent_re.txt 0.10285823 0.098797149 28 17.3392
17 10|deepseek_sd_gen 64:16:12:480:50 10_tencent_rd.txt 0.026620184 0.02486066 28 19.3917
17 10|deepseek_sd_attention 64:16:12:480:50 10_tencent_rc.txt 0.029232598 0.027186563 28 19.3917
17 10|deepseek_sd_mlp_gate 64:8:12:960:50 10_tencent_rc.txt 0.088721507 0.08770078 28 19.3917
17 10|deepseek_sd_mlp_down 64:32:12:960:150 10_tencent_rc.txt 0.1554836 0.1530367 28 19.3917
17 10|deepseek_sd_mlp_up 64:32:12:960:50 10_tencent_re.txt 0.084600065 0.080737228 28 19.3917
18 10|deepseek_sd_gen 64:32:12:480:50 10_tencent_re.txt 0.025821349 0.024108488 28 19.8392
18 10|deepseek_sd_attention 64:16:12:480:50 10_tencent_rc.txt 0.029232598 0.027186563 28 19.8392
18 10|deepseek_sd_mlp_gate 64:32:12:480:150 10_tencent_rd.txt 0.095641416 0.091351439 28 19.8392
18 10|deepseek_sd_mlp_down 64:32:12:960:50 10_tencent_rd.txt 0.15992282 0.15503244 28 19.8392
18 10|deepseek_sd_mlp_up 64:32:12:960:150 10_tencent_rc.txt 0.10950213 0.1092289 28 19.8392
19 10|deepseek_sd_gen 64:16:12:240:50 10_tencent_re.txt 0.025215086 0.023601823 28 20.4117
19 10|deepseek_sd_attention 64:16:12:480:50 10_tencent_rd.txt 0.03009416 0.027220781 28 20.4117
19 10|deepseek_sd_mlp_gate 64:32:12:960:50 10_tencent_re.txt 0.084600065 0.080737228 28 20.4117
19 10|deepseek_sd_mlp_down 64:32:12:960:150 10_tencent_re.txt 0.12289252 0.11791148 28 20.4117
19 10|deepseek_sd_mlp_up 64:16:12:480:50 10_tencent_re.txt 0.092658861 0.089846465 28 20.4117
20 10|deepseek_sd_gen 64:8:12:960:50 10_tencent_rd.txt 0.026466361 0.025013018 28 21.6824
20 10|deepseek_sd_attention 64:16:12:480:50 10_tencent_rb.txt 0.030498574 0.028494082 28 21.6824
20 10|deepseek_sd_mlp_gate 32:8:12:960:150 10_tencent_rb.txt 0.10065475 0.098458687 28 21.6824
20 10|deepseek_sd_mlp_down 64:32:12:960:150 10_tencent_re.txt 0.12289252 0.11791148 28 21.6824
20 10|deepseek_sd_mlp_up 64:32:12:960:150 10_tencent_rb.txt 0.099973875 0.099123308 28 21.6824
21 10|deepseek_sd_gen 64:16:12:960:50 10_tencent_re.txt 0.031834798 0.030710321 28 22.1917
21 10|deepseek_sd_attention 64:8:12:480:50 10_tencent_rb.txt 0.030842344 0.02960127 28 22.1917
21 10|deepseek_sd_mlp_gate 32:16:12:960:150 10_tencent_rc.txt 0.11052332 0.10742492 28 22.1917
21 10|deepseek_sd_mlp_down 64:16:12:960:150 10_tencent_rd.txt 0.15688815 0.15146957 28 22.1917
21 10|deepseek_sd_mlp_up 64:8:12:960:0 10_tencent_rb.txt 0.085169972 0.083167055 28 22.1917
22 10|deepseek_sd_gen 64:8:12:960:50 10_tencent_re.txt 0.02628651 0.024666037 28 22.7432
22 10|deepseek_sd_attention 64:8:12:480:0 10_tencent_re.txt 0.035894063 0.033446367 28 22.7432
22 10|deepseek_sd_mlp_gate 64:8:12:960:150 10_tencent_rc.txt 0.10764708 0.10556129 28 22.7432
22 10|deepseek_sd_mlp_down 64:8:12:480:50 10_tencent_rb.txt 0.12736282 0.12285337 28 22.7432
22 10|deepseek_sd_mlp_up 64:8:12:480:50 10_tencent_rc.txt 0.087341193 0.086060236 28 22.7432
23 10|deepseek_sd_gen 64:8:12:480:50 10_tencent_re.txt 0.030778966 0.029712583 28 23.2963
23 10|deepseek_sd_attention 64:8:12:480:50 10_tencent_rc.txt 0.030282539 0.027742031 28 23.2963
23 10|deepseek_sd_mlp_gate 128:32:12:960:50 10_tencent_rd.txt 0.10914788 0.1078588 28 23.2963
23 10|deepseek_sd_mlp_down 64:8:12:960:50 10_tencent_rc.txt 0.12871715 0.12499764 28 23.2963
23 10|deepseek_sd_mlp_up 64:8:12:960:50 10_tencent_ra.txt 0.090945192 0.089999911 28 23.2963
24 10|deepseek_sd_gen 64:8:12:480:50 10_tencent_rc.txt 0.028529778 0.02790587 28 23.5224
24 10|deepseek_sd_attention 256:8:12:480:50 10_tencent_re.txt 0.031985977 0.029698535 28 23.5224
24 10|deepseek_sd_mlp_gate 64:8:12:960:50 10_tencent_ra.txt 0.090945192 0.089999911 28 23.5224
24 10|deepseek_sd_mlp_down 64:8:12:960:50 10_tencent_rc.txt 0.12871715 0.12499764 28 23.5224
24 10|deepseek_sd_mlp_up 64:8:12:960:50 10_tencent_rb.txt 0.085223365 0.083167055 28 23.5224
25 10|deepseek_sd_gen 64:8:12:480:50 10_tencent_rb.txt 0.020271655 0.018650537 28 23.8405
25 10|deepseek_sd_attention 64:8:12:480:50 10_tencent_rd.txt 0.03483791 0.032512207 28 23.8405
25 10|deepseek_sd_mlp_gate 64:8:12:960:50 10_tencent_ra.txt 0.093740873 0.092563683 28 23.8405
25 10|deepseek_sd_mlp_down 64:8:12:960:150 10_tencent_rc.txt 0.13280992 0.13136493 28 23.8405
25 10|deepseek_sd_mlp_up 64:8:12:960:50 10_tencent_re.txt 0.10008832 0.097677763 28 23.8405
26 10|deepseek_sd_gen 64:8:12:960:50 10_tencent_ra.txt 0.024518839 0.023374606 28 24.0166
26 10|deepseek_sd_attention 64:8:12:960:50 10_tencent_rd.txt 0.033311074 0.031199707 28 24.0166
26 10|deepseek_sd_mlp_gate 64:8:12:960:50 10_tencent_ra.txt 0.090945192 0.089999911 28 24.0166
26 10|deepseek_sd_mlp_down 64:8:12:960:50 10_tencent_rd.txt 0.15254809 0.15068855 28 24.0166
26 10|deepseek_sd_mlp_up 64:8:12:960:50 10_tencent_rd.txt 0.085192026 0.082614325 28 24.0166
27 10|deepseek_sd_gen 64:8:12:960:150 10_tencent_re.txt 0.034380962 0.033442257 28 24.1340
27 10|deepseek_sd_attention 64:8:12:480:50 10_tencent_re.txt 0.025904062 0.023022715 28 24.1340
27 10|deepseek_sd_mlp_gate 64:8:12:960:150 10_tencent_rb.txt 0.095783023 0.094845635 28 24.1340
27 10|deepseek_sd_mlp_down 64:8:12:960:50 10_tencent_rb.txt 0.13080439 0.1292164 28 24.1340
27 10|deepseek_sd_mlp_up 64:8:12:960:150 10_tencent_ra.txt 0.095030884 0.092563683 28 24.1340
28 10|deepseek_sd_gen 64:8:12:960:50 10_tencent_ra.txt 0.024518839 0.023374606 28 24.2878
28 10|deepseek_sd_attention 64:8:12:480:150 10_tencent_rc.txt 0.030463477 0.027811758 28 24.2878
28 10|deepseek_sd_mlp_gate 64:8:12:960:50 10_tencent_rb.txt 0.085223365 0.083167055 28 24.2878
28 10|deepseek_sd_mlp_down 64:8:12:960:50 10_tencent_rd.txt 0.1525864 0.15095201 28 24.2878
28 10|deepseek_sd_mlp_up 64:8:12:960:150 10_tencent_rc.txt 0.10764708 0.10556129 28 24.2878
29 10|deepseek_sd_gen 64:8:12:960:50 10_tencent_rd.txt 0.026466361 0.025013018 28 24.4831
29 10|deepseek_sd_attention 64:8:12:960:50 10_tencent_ra.txt 0.029358164 0.027199336 28 24.4831
29 10|deepseek_sd_mlp_gate 64:8:12:960:50 10_tencent_re.txt 0.10005489 0.097677763 28 24.4831
29 10|deepseek_sd_mlp_down 64:8:12:960:50 10_tencent_rd.txt 0.15254809 0.15068855 28 24.4831
29 10|deepseek_sd_mlp_up 64:8:12:960:50 10_tencent_re.txt 0.10008832 0.097677763 28 24.4831
30 10|deepseek_sd_gen 64:8:12:960:50 10_tencent_rd.txt 0.026466361 0.025013018 28 24.7388
30 10|deepseek_sd_attention 64:8:12:480:50 10_tencent_ra.txt 0.027439746 0.024944824 28 24.7388
30 10|deepseek_sd_mlp_gate 64:8:12:960:50 10_tencent_rc.txt 0.099826001 0.098724721 28 24.7388
30 10|deepseek_sd_mlp_down 64:32:12:960:50 10_tencent_re.txt 0.15484006 0.15322908 28 24.7388
30 10|deepseek_sd_mlp_up 64:8:12:960:50 10_tencent_rb.txt 0.085223365 0.083167055 28 24.7388
31 10|deepseek_sd_gen 64:8:12:960:50 10_tencent_re.txt 0.02628651 0.024666037 28 24.8455
31 10|deepseek_sd_attention 64:8:12:960:50 10_tencent_re.txt 0.036010664 0.034028438 28 24.8455
31 10|deepseek_sd_mlp_gate 64:8:12:960:50 10_tencent_rb.txt 0.085223365 0.083167055 28 24.8455
31 10|deepseek_sd_mlp_down 64:8:12:960:50 10_tencent_rb.txt 0.13080439 0.1292164 28 24.8455
31 10|deepseek_sd_mlp_up 32:8:12:960:50 10_tencent_rb.txt 0.10032789 0.098741203 28 24.8455
32 10|deepseek_sd_gen 64:8:12:480:50 10_tencent_rd.txt 0.033609445 0.032234772 28 25.0120
32 10|deepseek_sd_attention 64:16:12:960:50 10_tencent_rd.txt 0.031898555 0.029782324 28 25.0120
32 10|deepseek_sd_mlp_gate 64:8:12:960:50 10_tencent_re.txt 0.10001032 0.097677763 28 25.0120
32 10|deepseek_sd_mlp_down 64:8:12:960:50 10_tencent_rc.txt 0.12871715 0.12499764 28 25.0120
32 10|deepseek_sd_mlp_up 64:32:12:960:50 10_tencent_ra.txt 0.099912358 0.098828489 28 25.0120
33 10|deepseek_sd_gen 64:8:12:960:50 10_tencent_rc.txt 0.027418608 0.026656822 28 25.3601
33 10|deepseek_sd_attention 64:8:12:960:50 10_tencent_ra.txt 0.029358164 0.027199336 28 25.3601
33 10|deepseek_sd_mlp_gate 64:32:12:960:50 10_tencent_rc.txt 0.11524949 0.11458348 28 25.3601
33 10|deepseek_sd_mlp_down 64:8:12:960:50 10_tencent_rb.txt 0.13080439 0.1292164 28 25.3601
33 10|deepseek_sd_mlp_up 64:8:12:960:50 10_tencent_rd.txt 0.085192026 0.082614325 28 25.3601
34 10|deepseek_sd_gen 64:8:12:960:50 10_tencent_rc.txt 0.027415794 0.026656822 28 25.3590
34 10|deepseek_sd_attention 64:8:12:960:50 10_tencent_rb.txt 0.029155488 0.027354844 28 25.3590
34 10|deepseek_sd_mlp_gate 64:8:12:960:50 10_tencent_rd.txt 0.085192026 0.082614325 28 25.3590
34 10|deepseek_sd_mlp_down 64:8:12:960:50 10_tencent_rb.txt 0.13080439 0.1292164 28 25.3590
34 10|deepseek_sd_mlp_up 64:8:12:960:50 10_tencent_rc.txt 0.089127755 0.087760209 28 25.3590
35 10|deepseek_sd_gen 64:8:12:960:50 10_tencent_rc.txt 0.032878729 0.032544938 28 25.4778
35 10|deepseek_sd_attention 64:8:12:480:50 10_tencent_re.txt 0.028675312 0.025692187 28 25.4778
35 10|deepseek_sd_mlp_gate 64:32:12:960:150 10_tencent_rd.txt 0.11256361 0.11185419 28 25.4778
35 10|deepseek_sd_mlp_down 64:8:12:960:50 10_tencent_re.txt 0.14451364 0.14183734 28 25.4778
35 10|deepseek_sd_mlp_up 64:8:12:960:50 10_tencent_rb.txt 0.085290222 0.083168447 28 25.4778
36 10|deepseek_sd_gen 64:8:12:960:50 10_tencent_re.txt 0.02628651 0.024666037 28 25.5701
36 10|deepseek_sd_attention 64:8:12:960:50 10_tencent_rd.txt 0.033311074 0.031199707 28 25.5701
36 10|deepseek_sd_mlp_gate 64:8:12:960:50 10_tencent_rb.txt 0.085223365 0.083167055 28 25.5701
36 10|deepseek_sd_mlp_down 64:8:12:960:50 10_tencent_re.txt 0.14451364 0.14183734 28 25.5701
36 10|deepseek_sd_mlp_up 64:8:12:960:50 10_tencent_re.txt 0.10008832 0.097677763 28 25.5701
37 10|deepseek_sd_gen 64:8:12:960:50 10_tencent_ra.txt 0.024518839 0.023374606 28 25.9664
37 10|deepseek_sd_attention 64:8:12:960:50 10_tencent_rc.txt 0.029135684 0.027042656 28 25.9664
37 10|deepseek_sd_mlp_gate 64:8:12:960:50 10_tencent_re.txt 0.10008832 0.097677763 28 25.9664
37 10|deepseek_sd_mlp_down 64:8:12:960:50 10_tencent_ra.txt 0.12740283 0.12479164 28 25.9664
37 10|deepseek_sd_mlp_up 64:8:12:960:50 10_tencent_rc.txt 0.099826001 0.098724721 28 25.9664
38 10|deepseek_sd_gen 64:8:12:960:50 10_tencent_re.txt 0.02628651 0.024666037 28 26.1949
38 10|deepseek_sd_attention 64:8:12:960:50 10_tencent_re.txt 0.035770664 0.034028438 28 26.1949
38 10|deepseek_sd_mlp_gate 64:8:12:960:50 10_tencent_re.txt 0.10004004 0.097677763 28 26.1949
38 10|deepseek_sd_mlp_down 64:8:12:960:150 10_tencent_ra.txt 0.16654634 0.1652499 28 26.1949
38 10|deepseek_sd_mlp_up 64:8:12:960:50 10_tencent_rb.txt 0.085223365 0.083167055 28 26.1949
39 10|deepseek_sd_gen 64:8:12:960:50 10_tencent_rc.txt 0.027415794 0.026656822 28 26.2916
39 10|deepseek_sd_attention 64:8:12:960:50 10_tencent_ra.txt 0.029358164 0.027199336 28 26.2916
39 10|deepseek_sd_mlp_gate 64:32:12:960:50 10_tencent_re.txt 0.084600065 0.080737228 28 26.2916
39 10|deepseek_sd_mlp_down 64:32:12:960:50 10_tencent_ra.txt 0.16448208 0.16285025 28 26.2916
39 10|deepseek_sd_mlp_up 128:8:12:960:150 10_tencent_re.txt 0.078598972 0.074785117 28 26.2916
40 10|deepseek_sd_gen 64:8:12:960:50 10_tencent_rc.txt 0.027415794 0.026656822 28 26.8817
40 10|deepseek_sd_attention 64:8:12:960:50 10_tencent_rc.txt 0.034813184 0.032856328 28 26.8817
40 10|deepseek_sd_mlp_gate 64:16:12:960:50 10_tencent_ra.txt 0.093032609 0.090383177 28 26.8817
40 10|deepseek_sd_mlp_down 64:16:12:960:50 10_tencent_rb.txt 0.12610511 0.12438049 28 26.8817
40 10|deepseek_sd_mlp_up 64:8:12:960:50 10_tencent_rc.txt 0.099826001 0.098724721 28 26.8817
41 10|deepseek_sd_gen 64:8:12:960:50 10_tencent_rc.txt 0.032926857 0.032587497 28 26.9561
41 10|deepseek_sd_attention 64:8:12:960:50 10_tencent_re.txt 0.035770664 0.034028438 28 26.9561
41 10|deepseek_sd_mlp_gate 64:32:12:960:50 10_tencent_rb.txt 0.093810515 0.092882413 28 26.9561
41 10|deepseek_sd_mlp_down 64:32:12:960:50 10_tencent_rd.txt 0.15992282 0.15503244 28 26.9561
41 10|deepseek_sd_mlp_up 64:16:12:960:50 10_tencent_ra.txt 0.093032609 0.090383177 28 26.9561
42 10|deepseek_sd_gen 64:8:12:960:50 10_tencent_re.txt 0.02628651 0.024666037 28 27.2257
42 10|deepseek_sd_attention 64:8:12:960:50 10_tencent_rd.txt 0.034767949 0.032459473 28 27.2257
42 10|deepseek_sd_mlp_gate 64:8:12:960:50 10_tencent_rd.txt 0.085192026 0.082614325 28 27.2257
42 10|deepseek_sd_mlp_down 64:8:12:960:50 10_tencent_rd.txt 0.15254809 0.15068855 28 27.2257
42 10|deepseek_sd_mlp_up 64:32:12:960:150 10_tencent_rb.txt 0.099973875 0.099123308 28 27.2257
43 10|deepseek_sd_gen 64:16:12:960:50 10_tencent_rc.txt 0.027335541 0.026626866 28 27.3813
43 10|deepseek_sd_attention 64:8:12:960:50 10_tencent_rc.txt 0.029135684 0.027042656 28 27.3813
43 10|deepseek_sd_mlp_gate 64:32:12:960:150 10_tencent_ra.txt 0.10263352 0.099340361 28 27.3813
43 10|deepseek_sd_mlp_down 64:32:12:960:50 10_tencent_rc.txt 0.13168287 0.13099124 28 27.3813
43 10|deepseek_sd_mlp_up 64:8:12:960:50 10_tencent_ra.txt 0.090945192 0.089999911 28 27.3813
44 10|deepseek_sd_gen 64:16:12:960:50 10_tencent_re.txt 0.026610159 0.025185013 28 27.3940
44 10|deepseek_sd_attention 64:8:12:960:50 10_tencent_rd.txt 0.033311074 0.031199707 28 27.3940
44 10|deepseek_sd_mlp_gate 32:8:12:960:50 10_tencent_rb.txt 0.10032789 0.098741203 28 27.3940
44 10|deepseek_sd_mlp_down 64:32:12:960:50 10_tencent_ra.txt 0.16445739 0.16285025 28 27.3940
44 10|deepseek_sd_mlp_up 64:32:12:960:50 10_tencent_rc.txt 0.11524949 0.11458348 28 27.3940
45 10|deepseek_sd_gen 64:32:12:960:50 10_tencent_rc.txt 0.033621697 0.033509437 28 27.2346
45 10|deepseek_sd_attention 64:8:12:960:50 10_tencent_rc.txt 0.029135684 0.027042656 28 27.2346
45 10|deepseek_sd_mlp_gate 32:32:12:960:50 10_tencent_rd.txt 0.11255618 0.11173138 28 27.2346
45 10|deepseek_sd_mlp_down 32:32:12:960:50 10_tencent_rb.txt 0.13018682 0.12889463 28 27.2346
45 10|deepseek_sd_mlp_up 64:8:12:960:50 10_tencent_rb.txt 0.085223365 0.083167055 28 27.2346
46 10|deepseek_sd_gen 64:8:12:960:50 10_tencent_rd.txt 0.029570016 0.028614955 28 27.0509
46 10|deepseek_sd_attention 64:8:12:960:50 10_tencent_rd.txt 0.033311074 0.031199707 28 27.0509
46 10|deepseek_sd_mlp_gate 64:32:12:960:50 10_tencent_rc.txt 0.11524949 0.11458348 28 27.0509
46 10|deepseek_sd_mlp_down 64:32:12:960:50 10_tencent_rb.txt 0.095022436 0.087811565 28 27.0509
46 10|deepseek_sd_mlp_up 64:32:12:960:50 10_tencent_ra.txt 0.099912358 0.098828489 28 27.0509
47 10|deepseek_sd_gen 32:32:12:960:50 10_tencent_rd.txt 0.03173731 0.030725328 28 27.6628
47 10|deepseek_sd_attention 64:8:12:960:50 10_tencent_re.txt 0.035770664 0.034028437 28 27.6628
47 10|deepseek_sd_mlp_gate 64:32:12:960:50 10_tencent_re.txt 0.084600065 0.080737228 28 27.6628
47 10|deepseek_sd_mlp_down 32:8:12:960:50 10_tencent_re.txt 0.16610114 0.16364062 28 27.6628
47 10|deepseek_sd_mlp_up 32:32:12:960:50 10_tencent_re.txt 0.11217849 0.11125828 28 27.6628
48 10|deepseek_sd_gen 32:8:12:960:50 10_tencent_rb.txt 0.028696556 0.027778602 28 27.8243
48 10|deepseek_sd_attention 64:8:12:960:50 10_tencent_re.txt 0.035770664 0.034028438 28 27.8243
48 10|deepseek_sd_mlp_gate 32:32:12:960:50 10_tencent_rd.txt 0.11255618 0.11173138 28 27.8243
48 10|deepseek_sd_mlp_down 32:32:12:960:50 10_tencent_rc.txt 0.17054462 0.16972402 28 27.8243
48 10|deepseek_sd_mlp_up 32:8:12:960:50 10_tencent_rb.txt 0.10032789 0.098741203 28 27.8243
49 10|deepseek_sd_gen 64:32:12:960:50 10_tencent_re.txt 0.025404257 0.023749256 28 27.4821
49 10|deepseek_sd_attention 64:8:12:960:50 10_tencent_re.txt 0.035770664 0.034028438 28 27.4821
49 10|deepseek_sd_mlp_gate 32:32:12:960:50 10_tencent_rb.txt 0.10061644 0.09904322 28 27.4821
49 10|deepseek_sd_mlp_down 32:32:12:960:50 10_tencent_re.txt 0.1227542 0.11791148 28 27.4821
49 10|deepseek_sd_mlp_up 32:32:12:960:50 10_tencent_rc.txt 0.12372034 0.1218639 28 27.4821
50 10|deepseek_sd_gen 64:16:12:960:50 10_tencent_ra.txt 0.023979169 0.022823975 28 27.9112
50 10|deepseek_sd_attention 64:8:12:960:50 10_tencent_rb.txt 0.029155488 0.027354844 28 27.9112
50 10|deepseek_sd_mlp_gate 32:32:12:960:50 10_tencent_rb.txt 0.10061644 0.09904322 28 27.9112
50 10|deepseek_sd_mlp_down 32:16:12:960:50 10_tencent_rb.txt 0.13060903 0.12889463 28 27.9112
50 10|deepseek_sd_mlp_up 32:32:12:960:50 10_tencent_ra.txt 0.10271407 0.099340361 28 27.9112
51 10|deepseek_sd_gen 64:8:12:960:50 10_tencent_re.txt 0.02628651 0.024666037 28 28.1535
51 10|deepseek_sd_attention 64:16:12:960:50 10_tencent_re.txt 0.037074727 0.034727344 28 28.1535
51 10|deepseek_sd_mlp_gate 32:8:12:960:150 10_tencent_rd.txt 0.10076478 0.097810083 28 28.1535
51 10|deepseek_sd_mlp_down 32:32:12:960:50 10_tencent_ra.txt 0.16464551 0.16285025 28 28.1535
51 10|deepseek_sd_mlp_up 32:8:12:960:50 10_tencent_ra.txt 0.096930034 0.092739414 28 28.1535
52 10|deepseek_sd_gen 64:8:12:960:50 10_tencent_rc.txt 0.027415794 0.026656822 28 28.6697
52 10|deepseek_sd_attention 64:8:12:960:50 10_tencent_rc.txt 0.029135684 0.027042656 28 28.6697
52 10|deepseek_sd_mlp_gate 64:32:12:960:50 10_tencent_rc.txt 0.11524949 0.11458348 28 28.6697
52 10|deepseek_sd_mlp_down 64:8:12:960:50 10_tencent_rb.txt 0.13080439 0.1292164 28 28.6697
52 10|deepseek_sd_mlp_up 32:32:12:960:50 10_tencent_re.txt 0.11217849 0.11125828 28 28.6697
53 10|deepseek_sd_gen 64:8:12:960:50 10_tencent_ra.txt 0.024518839 0.023374606 28 28.3961
53 10|deepseek_sd_attention 64:16:12:960:50 10_tencent_rd.txt 0.031898555 0.029782324 28 28.3961
53 10|deepseek_sd_mlp_gate 64:16:12:960:50 10_tencent_ra.txt 0.093032609 0.090383177 28 28.3961
53 10|deepseek_sd_mlp_down 64:8:12:960:50 10_tencent_rd.txt 0.15254809 0.15068855 28 28.3961
53 10|deepseek_sd_mlp_up 32:32:12:960:50 10_tencent_rc.txt 0.12372034 0.1218639 28 28.3961
54 10|deepseek_sd_gen 64:8:12:960:50 10_tencent_ra.txt 0.024046115 0.022823975 28 28.5266
54 10|deepseek_sd_attention 64:8:12:960:50 10_tencent_rd.txt 0.033311074 0.031199707 28 28.5266
54 10|deepseek_sd_mlp_gate 64:32:12:960:50 10_tencent_rc.txt 0.10756212 0.10717212 28 28.5266
54 10|deepseek_sd_mlp_down 64:8:12:960:50 10_tencent_rb.txt 0.13080439 0.1292164 28 28.5266
54 10|deepseek_sd_mlp_up 32:32:12:960:50 10_tencent_rd.txt 0.11255618 0.11173138 28 28.5266
55 10|deepseek_sd_gen 64:8:12:960:50 10_tencent_rb.txt 0.020336021 0.01865552 28 28.2781
55 10|deepseek_sd_attention 64:8:12:960:50 10_tencent_ra.txt 0.029358164 0.027199336 28 28.2781
55 10|deepseek_sd_mlp_gate 64:8:12:960:50 10_tencent_rd.txt 0.085192026 0.082614325 28 28.2781
55 10|deepseek_sd_mlp_down 64:8:12:960:50 10_tencent_re.txt 0.14451364 0.14183734 28 28.2781
55 10|deepseek_sd_mlp_up 32:8:12:960:50 10_tencent_rc.txt 0.10713312 0.10556129 28 28.2781
56 10|deepseek_sd_gen 64:8:12:960:50 10_tencent_ra.txt 0.024518839 0.023374606 28 28.6577
56 10|deepseek_sd_attention 64:8:12:960:50 10_tencent_rb.txt 0.029155488 0.027354844 28 28.6577
56 10|deepseek_sd_mlp_gate 32:8:12:960:50 10_tencent_rb.txt 0.10032789 0.098741203 28 28.6577
56 10|deepseek_sd_mlp_down 32:8:12:960:50 10_tencent_rb.txt 0.13056817 0.12889463 28 28.6577
56 10|deepseek_sd_mlp_up 64:32:12:960:50 10_tencent_rb.txt 0.093810515 0.092882413 28 28.6577
57 10|deepseek_sd_gen 64:8:12:960:50 10_tencent_re.txt 0.02628651 0.024666037 28 28.6003
57 10|deepseek_sd_attention 64:8:12:960:50 10_tencent_ra.txt 0.029358164 0.027199336 28 28.6003
57 10|deepseek_sd_mlp_gate 64:8:12:960:50 10_tencent_rb.txt 0.085223365 0.083167055 28 28.6003
57 10|deepseek_sd_mlp_down 64:32:12:960:50 10_tencent_rc.txt 0.13168287 0.13099124 28 28.6003
57 10|deepseek_sd_mlp_up 32:32:12:960:50 10_tencent_rd.txt 0.11255618 0.11173138 28 28.6003
58 10|deepseek_sd_gen 64:16:12:960:50 10_tencent_rb.txt 0.028409194 0.028167263 28 28.5549
58 10|deepseek_sd_attention 64:8:12:960:50 10_tencent_rb.txt 0.029155488 0.027354844 28 28.5549
58 10|deepseek_sd_mlp_gate 64:8:12:960:50 10_tencent_rb.txt 0.085223365 0.083167055 28 28.5549
58 10|deepseek_sd_mlp_down 32:32:12:960:50 10_tencent_rd.txt 0.16232248 0.15503244 28 28.5549
58 10|deepseek_sd_mlp_up 32:32:12:960:50 10_tencent_re.txt 0.11217849 0.11125828 28 28.5549
59 10|deepseek_sd_gen 64:32:12:960:50 10_tencent_rd.txt 0.035291471 0.034902342 28 29.0298
59 10|deepseek_sd_attention 64:16:12:960:0 10_tencent_ra.txt 0.035660332 0.033808887 28 29.0298
59 10|deepseek_sd_mlp_gate 32:32:12:960:50 10_tencent_rc.txt 0.12372034 0.1218639 28 29.0298
59 10|deepseek_sd_mlp_down 64:16:12:960:50 10_tencent_rb.txt 0.12610511 0.12438049 28 29.0298
59 10|deepseek_sd_mlp_up 32:32:12:960:50 10_tencent_ra.txt 0.10281691 0.098828489 28 29.0298
