0 51|qwen2_sd_gen 128:16:12:480:0 51_bili_re.txt 0.023378262 0.022242891 24 5.0000
0 51|qwen2_sd_attention 64:16:12:240:150 51_bili_rc.txt 0.023049023 0.021755566 24 5.0000
0 51|qwen2_sd_mlp_gate 128:32:2:960:0 51_bili_re.txt 0.10208691 0.099855297 24 5.0000
0 51|qwen2_sd_mlp_down 64:8:6:480:50 51_bili_rb.txt 0.04831585 0.046913845 24 5.0000
0 51|qwen2_sd_mlp_up 256:32:6:480:150 51_bili_re.txt 0.048036545 0.046797927 24 5.0000
0 51|qwen2_sd_output 16:32:6:240:50 51_bili_rb.txt 1.394551 1.3627977 1 5.0000
1 51|qwen2_sd_gen 64:16:12:480:150 51_bili_rd.txt 0.03097752 0.029795742 24 5.4232
1 51|qwen2_sd_attention 64:32:2:240:50 51_bili_rb.txt 0.02730041 0.025480547 24 5.4232
1 51|qwen2_sd_mlp_gate 128:8:2:960:0 51_bili_rb.txt 0.066157259 0.064271088 24 5.4232
1 51|qwen2_sd_mlp_down 64:8:2:480:50 51_bili_rc.txt 0.065935031 0.063215513 24 5.4232
1 51|qwen2_sd_mlp_up 256:8:6:240:50 51_bili_rb.txt 0.034812366 0.032659795 24 5.4232
1 51|qwen2_sd_output 256:8:12:960:150 51_bili_ra.txt 0.7627687 0.74821868 1 5.4232
2 51|qwen2_sd_gen 32:16:12:480:50 51_bili_rc.txt 0.029458125 0.028413047 24 6.4403
2 51|qwen2_sd_attention 64:16:2:960:0 51_bili_ra.txt 0.058753242 0.05738748 24 6.4403
2 51|qwen2_sd_mlp_gate 32:16:2:480:50 51_bili_ra.txt 0.070291948 0.068003251 24 6.4403
2 51|qwen2_sd_mlp_down 64:32:12:240:0 51_bili_rd.txt 0.042296155 0.040101487 24 6.4403
2 51|qwen2_sd_mlp_up 64:32:12:480:0 51_bili_re.txt 0.047445941 0.046267955 24 6.4403
2 51|qwen2_sd_output 256:32:2:240:150 51_bili_re.txt 0.83498551 0.80683781 1 6.4403
3 51|qwen2_sd_gen 32:8:12:480:0 51_bili_rc.txt 0.03108123 0.029697539 24 7.0735
3 51|qwen2_sd_attention 32:8:12:480:0 51_bili_re.txt 0.02708918 0.026197207 24 7.0735
3 51|qwen2_sd_mlp_gate 32:8:6:240:150 51_bili_rb.txt 0.043561277 0.041503665 24 7.0735
3 51|qwen2_sd_mlp_down 128:8:12:240:0 51_bili_rd.txt 0.040919635 0.038336948 24 7.0735
3 51|qwen2_sd_mlp_up 32:8:12:480:0 51_bili_ra.txt 0.052649977 0.051181786 24 7.0735
3 51|qwen2_sd_output 32:8:12:480:0 51_bili_rc.txt 0.81110816 0.79154114 1 7.0735
4 51|qwen2_sd_gen 256:8:12:240:50 51_bili_rc.txt 0.018569355 0.017073457 24 8.0812
4 51|qwen2_sd_attention 256:8:12:480:50 51_bili_rb.txt 0.027080449 0.025862988 24 8.0812
4 51|qwen2_sd_mlp_gate 256:8:12:240:50 51_bili_rc.txt 0.034764097 0.032620469 24 8.0812
4 51|qwen2_sd_mlp_down 256:8:12:240:50 51_bili_ra.txt 0.036881783 0.034192865 24 8.0812
4 51|qwen2_sd_mlp_up 256:8:12:480:0 51_bili_rc.txt 0.040415772 0.038646788 24 8.0812
4 51|qwen2_sd_output 256:8:12:480:150 51_bili_re.txt 0.75282425 0.73297725 1 8.0812
5 51|qwen2_sd_gen 128:8:12:240:150 51_bili_rc.txt 0.024224941 0.022342852 24 9.7631
5 51|qwen2_sd_attention 128:32:12:240:150 51_bili_rd.txt 0.023218945 0.021908789 24 9.7631
5 51|qwen2_sd_mlp_gate 128:8:12:240:50 51_bili_rb.txt 0.036284372 0.03396424 24 9.7631
5 51|qwen2_sd_mlp_down 128:8:12:480:150 51_bili_rb.txt 0.049330108 0.047466463 24 9.7631
5 51|qwen2_sd_mlp_up 128:8:12:240:50 51_bili_rd.txt 0.037826742 0.035639383 24 9.7631
5 51|qwen2_sd_output 64:32:12:480:50 51_bili_re.txt 0.75159572 0.74050273 1 9.7631
6 51|qwen2_sd_gen 256:32:12:240:50 51_bili_re.txt 0.019441055 0.017840742 24 11.2422
6 51|qwen2_sd_attention 256:16:12:240:50 51_bili_rb.txt 0.023174473 0.021606035 24 11.2422
6 51|qwen2_sd_mlp_gate 128:16:6:480:150 51_bili_re.txt 0.048033059 0.046660354 24 11.2422
6 51|qwen2_sd_mlp_down 64:32:6:480:0 51_bili_rb.txt 0.048275842 0.046953031 24 11.2422
6 51|qwen2_sd_mlp_up 64:8:12:240:50 51_bili_ra.txt 0.035356279 0.033318133 24 11.2422
6 51|qwen2_sd_output 256:16:6:480:0 51_bili_rb.txt 0.61504567 0.60007471 1 11.2422
7 51|qwen2_sd_gen 64:8:6:480:0 51_bili_rb.txt 0.023283867 0.022228535 24 12.3748
7 51|qwen2_sd_attention 64:32:6:480:150 51_bili_rc.txt 0.028196191 0.027336563 24 12.3748
7 51|qwen2_sd_mlp_gate 64:16:12:480:0 51_bili_re.txt 0.04362546 0.042298787 24 12.3748
7 51|qwen2_sd_mlp_down 64:8:6:240:0 51_bili_rd.txt 0.036840679 0.034336454 24 12.3748
7 51|qwen2_sd_mlp_up 128:32:6:480:50 51_bili_rd.txt 0.047968942 0.046569208 24 12.3748
7 51|qwen2_sd_output 64:32:6:480:0 51_bili_re.txt 0.714934 0.70240867 1 12.3748
8 51|qwen2_sd_gen 128:16:6:480:0 51_bili_re.txt 0.025441055 0.024479531 24 13.2029
8 51|qwen2_sd_attention 256:8:12:480:0 51_bili_rc.txt 0.023072754 0.022019238 24 13.2029
8 51|qwen2_sd_mlp_gate 64:32:6:480:0 51_bili_re.txt 0.047967824 0.046676399 24 13.2029
8 51|qwen2_sd_mlp_down 64:16:12:480:50 51_bili_rb.txt 0.048824897 0.047035604 24 13.2029
8 51|qwen2_sd_mlp_up 64:16:6:480:0 51_bili_ra.txt 0.044029828 0.0426708 24 13.2029
8 51|qwen2_sd_output 64:8:6:480:150 51_bili_re.txt 0.80466264 0.78589561 1 13.2029
9 51|qwen2_sd_gen 64:16:6:480:50 51_bili_rd.txt 0.023409375 0.022259531 24 13.8265
9 51|qwen2_sd_attention 256:32:6:480:0 51_bili_ra.txt 0.02732918 0.026410781 24 13.8265
9 51|qwen2_sd_mlp_gate 128:16:6:480:0 51_bili_rb.txt 0.041938809 0.040728205 24 13.8265
9 51|qwen2_sd_mlp_down 256:16:6:240:0 51_bili_rc.txt 0.036214623 0.03378137 24 13.8265
9 51|qwen2_sd_mlp_up 128:32:6:480:0 51_bili_rc.txt 0.04507412 0.043792494 24 13.8265
9 51|qwen2_sd_output 32:16:6:960:150 51_bili_rd.txt 0.88326401 0.86913493 1 13.8265
10 51|qwen2_sd_gen 64:16:6:480:50 51_bili_re.txt 0.02338793 0.022320645 24 14.6253
10 51|qwen2_sd_attention 256:16:6:480:150 51_bili_re.txt 0.028393887 0.027421465 24 14.6253
10 51|qwen2_sd_mlp_gate 256:16:6:480:0 51_bili_rb.txt 0.039242719 0.037929856 24 14.6253
10 51|qwen2_sd_mlp_down 64:32:6:480:50 51_bili_rb.txt 0.049402177 0.047657002 24 14.6253
10 51|qwen2_sd_mlp_up 256:16:6:480:0 51_bili_rc.txt 0.042957849 0.041550619 24 14.6253
10 51|qwen2_sd_output 64:32:6:480:150 51_bili_ra.txt 0.88908859 0.87611185 1 14.6253
11 51|qwen2_sd_gen 256:16:6:480:0 51_bili_re.txt 0.023196973 0.022320645 24 15.2234
11 51|qwen2_sd_attention 256:32:6:480:0 51_bili_rd.txt 0.023224863 0.022305059 24 15.2234
11 51|qwen2_sd_mlp_gate 64:16:6:480:0 51_bili_ra.txt 0.044063826 0.0426708 24 15.2234
11 51|qwen2_sd_mlp_down 128:32:6:480:0 51_bili_rd.txt 0.048348093 0.046840407 24 15.2234
11 51|qwen2_sd_mlp_up 64:32:6:480:0 51_bili_ra.txt 0.049801715 0.048174052 24 15.2234
11 51|qwen2_sd_output 256:32:6:480:0 51_bili_rb.txt 0.63423365 0.61272955 1 15.2234
12 51|qwen2_sd_gen 256:16:6:480:50 51_bili_rb.txt 0.02152043 0.020637539 24 15.9022
12 51|qwen2_sd_attention 256:16:6:480:50 51_bili_rb.txt 0.02414168 0.022882969 24 15.9022
12 51|qwen2_sd_mlp_gate 256:16:6:480:50 51_bili_rc.txt 0.039209969 0.037885993 24 15.9022
12 51|qwen2_sd_mlp_down 64:16:12:480:0 51_bili_rd.txt 0.0484282 0.046982717 24 15.9022
12 51|qwen2_sd_mlp_up 256:16:6:480:0 51_bili_re.txt 0.039416724 0.037951689 24 15.9022
12 51|qwen2_sd_output 128:16:6:480:0 51_bili_rd.txt 0.62657103 0.61211052 1 15.9022
13 51|qwen2_sd_gen 128:16:6:480:50 51_bili_rc.txt 0.02695875 0.025870078 24 16.6571
13 51|qwen2_sd_attention 64:32:6:480:0 51_bili_ra.txt 0.027365098 0.026497676 24 16.6571
13 51|qwen2_sd_mlp_gate 256:16:6:480:50 51_bili_ra.txt 0.043967749 0.042484498 24 16.6571
13 51|qwen2_sd_mlp_down 256:16:6:480:0 51_bili_rc.txt 0.047567852 0.045957223 24 16.6571
13 51|qwen2_sd_mlp_up 256:16:6:480:0 51_bili_rb.txt 0.039242719 0.037929856 24 16.6571
13 51|qwen2_sd_output 256:16:6:480:0 51_bili_rd.txt 0.62580915 0.60994107 1 16.6571
14 51|qwen2_sd_gen 64:16:6:480:0 51_bili_re.txt 0.023362324 0.022320762 24 17.3202
14 51|qwen2_sd_attention 64:16:6:480:0 51_bili_rc.txt 0.030888105 0.029825566 24 17.3202
14 51|qwen2_sd_mlp_gate 256:16:6:480:0 51_bili_re.txt 0.039416724 0.037951689 24 17.3202
14 51|qwen2_sd_mlp_down 64:8:6:480:50 51_bili_rd.txt 0.048426738 0.046666675 24 17.3202
14 51|qwen2_sd_mlp_up 64:16:6:480:150 51_bili_rb.txt 0.043725746 0.04254125 24 17.3202
14 51|qwen2_sd_output 256:16:6:480:0 51_bili_rc.txt 0.6268453 0.60376602 1 17.3202
15 51|qwen2_sd_gen 256:32:6:480:0 51_bili_rc.txt 0.030316523 0.029215664 24 18.0837
15 51|qwen2_sd_attention 256:16:6:480:0 51_bili_rc.txt 0.024982793 0.023951133 24 18.0837
15 51|qwen2_sd_mlp_gate 64:16:6:480:0 51_bili_rd.txt 0.044253088 0.042615232 24 18.0837
15 51|qwen2_sd_mlp_down 128:16:6:480:0 51_bili_rb.txt 0.047455958 0.046107298 24 18.0837
15 51|qwen2_sd_mlp_up 16:32:12:960:150 51_bili_rb.txt 0.10487099 0.1032626 24 18.0837
15 51|qwen2_sd_output 128:32:6:480:0 51_bili_rc.txt 0.62524916 0.60966869 1 18.0837
16 51|qwen2_sd_gen 256:16:6:480:0 51_bili_rb.txt 0.020453555 0.019619941 24 18.4108
16 51|qwen2_sd_attention 128:32:6:480:0 51_bili_rc.txt 0.030937793 0.029828789 24 18.4108
16 51|qwen2_sd_mlp_gate 256:16:6:480:150 51_bili_rd.txt 0.043745278 0.042181403 24 18.4108
16 51|qwen2_sd_mlp_down 256:16:6:480:50 51_bili_rb.txt 0.042434903 0.040990973 24 18.4108
16 51|qwen2_sd_mlp_up 64:32:6:960:50 51_bili_re.txt 0.052388378 0.051579709 24 18.4108
16 51|qwen2_sd_output 64:16:6:480:0 51_bili_rd.txt 0.72628603 0.70981225 1 18.4108
17 51|qwen2_sd_gen 32:16:6:960:150 51_bili_rd.txt 0.031051875 0.030325723 24 18.8742
17 51|qwen2_sd_attention 256:32:6:480:150 51_bili_rc.txt 0.027226523 0.026026992 24 18.8742
17 51|qwen2_sd_mlp_gate 256:16:6:480:0 51_bili_rc.txt 0.042957849 0.041550619 24 18.8742
17 51|qwen2_sd_mlp_down 32:32:6:960:0 51_bili_rc.txt 0.054555038 0.053339736 24 18.8742
17 51|qwen2_sd_mlp_up 32:32:6:480:150 51_bili_re.txt 0.048180036 0.046876906 24 18.8742
17 51|qwen2_sd_output 32:16:6:480:50 51_bili_ra.txt 0.86465697 0.84878699 1 18.8742
18 51|qwen2_sd_gen 256:16:6:480:150 51_bili_re.txt 0.024190137 0.022975723 24 19.2310
18 51|qwen2_sd_attention 256:16:6:960:0 51_bili_rc.txt 0.024451875 0.023839395 24 19.2310
18 51|qwen2_sd_mlp_gate 64:32:6:960:150 51_bili_rd.txt 0.056745209 0.055767599 24 19.2310
18 51|qwen2_sd_mlp_down 64:32:6:960:0 51_bili_rd.txt 0.054729866 0.053342111 24 19.2310
18 51|qwen2_sd_mlp_up 64:16:12:960:150 51_bili_rc.txt 0.048080605 0.04697305 24 19.2310
18 51|qwen2_sd_output 256:16:6:480:0 51_bili_ra.txt 0.63456887 0.61907031 1 19.2310
19 51|qwen2_sd_gen 256:16:6:480:0 51_bili_re.txt 0.023196973 0.022320645 24 19.4980
19 51|qwen2_sd_attention 256:32:6:480:50 51_bili_rd.txt 0.031051465 0.029854746 24 19.4980
19 51|qwen2_sd_mlp_gate 32:32:6:960:0 51_bili_re.txt 0.056733241 0.055896689 24 19.4980
19 51|qwen2_sd_mlp_down 256:32:6:960:50 51_bili_re.txt 0.052720257 0.051774687 24 19.4980
19 51|qwen2_sd_mlp_up 256:16:6:960:0 51_bili_re.txt 0.043668205 0.04262845 24 19.4980
19 51|qwen2_sd_output 64:32:6:960:0 51_bili_rc.txt 0.75055385 0.73787805 1 19.4980
20 51|qwen2_sd_gen 128:16:6:960:0 51_bili_rd.txt 0.027121582 0.026494102 24 19.6342
20 51|qwen2_sd_attention 256:32:6:960:150 51_bili_rb.txt 0.02725916 0.026578711 24 19.6342
20 51|qwen2_sd_mlp_gate 256:16:6:960:0 51_bili_rb.txt 0.041907572 0.04092595 24 19.6342
20 51|qwen2_sd_mlp_down 256:32:6:960:0 51_bili_re.txt 0.048313383 0.047339132 24 19.6342
20 51|qwen2_sd_mlp_up 32:16:6:960:50 51_bili_rb.txt 0.055241178 0.054435073 24 19.6342
20 51|qwen2_sd_output 256:16:6:960:0 51_bili_ra.txt 0.76086781 0.74821868 1 19.6342
21 51|qwen2_sd_gen 256:16:6:960:0 51_bili_re.txt 0.027140742 0.026523047 24 19.6269
21 51|qwen2_sd_attention 256:16:6:960:0 51_bili_rb.txt 0.027184512 0.026406855 24 19.6269
21 51|qwen2_sd_mlp_gate 64:16:6:960:150 51_bili_rc.txt 0.052442566 0.051216903 24 19.6269
21 51|qwen2_sd_mlp_down 32:16:6:960:0 51_bili_rd.txt 0.056072133 0.055037779 24 19.6269
21 51|qwen2_sd_mlp_up 256:16:6:960:0 51_bili_rb.txt 0.043697337 0.042444318 24 19.6269
21 51|qwen2_sd_output 16:32:6:960:150 51_bili_rb.txt 1.5158215 1.5022829 1 19.6269
22 51|qwen2_sd_gen 256:16:6:960:0 51_bili_re.txt 0.027140742 0.026523047 24 19.6414
22 51|qwen2_sd_attention 128:32:6:960:0 51_bili_re.txt 0.028197949 0.027726152 24 19.6414
22 51|qwen2_sd_mlp_gate 32:32:6:960:0 51_bili_rc.txt 0.065396004 0.064340532 24 19.6414
22 51|qwen2_sd_mlp_down 64:32:6:960:150 51_bili_rb.txt 0.054725847 0.053685739 24 19.6414
22 51|qwen2_sd_mlp_up 64:16:6:960:0 51_bili_rc.txt 0.043463226 0.04265607 24 19.6414
22 51|qwen2_sd_output 32:32:6:960:0 51_bili_re.txt 1.0067745 0.99552148 1 19.6414
23 51|qwen2_sd_gen 256:16:6:960:0 51_bili_re.txt 0.027140742 0.026523047 24 19.4965
23 51|qwen2_sd_attention 256:16:6:960:0 51_bili_rc.txt 0.024451875 0.023839395 24 19.4965
23 51|qwen2_sd_mlp_gate 256:16:6:960:50 51_bili_rd.txt 0.043732651 0.042619112 24 19.4965
23 51|qwen2_sd_mlp_down 64:32:6:960:150 51_bili_rc.txt 0.060580213 0.059279324 24 19.4965
23 51|qwen2_sd_mlp_up 128:32:12:960:0 51_bili_ra.txt 0.048302747 0.047458304 24 19.4965
23 51|qwen2_sd_output 256:16:6:960:50 51_bili_ra.txt 0.76122399 0.74837487 1 19.4965
24 51|qwen2_sd_gen 256:16:6:960:0 51_bili_rc.txt 0.025651875 0.025078945 24 19.5613
24 51|qwen2_sd_attention 64:16:6:960:0 51_bili_re.txt 0.029564473 0.029078613 24 19.5613
24 51|qwen2_sd_mlp_gate 128:32:6:960:0 51_bili_ra.txt 0.048374953 0.047542741 24 19.5613
24 51|qwen2_sd_mlp_down 256:16:6:960:0 51_bili_rc.txt 0.043793338 0.042836716 24 19.5613
24 51|qwen2_sd_mlp_up 256:16:6:960:0 51_bili_rb.txt 0.043826033 0.04254125 24 19.5613
24 51|qwen2_sd_output 128:16:6:960:0 51_bili_rd.txt 0.62896905 0.61653324 1 19.5613
25 51|qwen2_sd_gen 256:16:6:960:0 51_bili_rb.txt 0.02714543 0.026452148 24 19.6308
25 51|qwen2_sd_attention 64:16:6:960:0 51_bili_rd.txt 0.02816625 0.027582363 24 19.6308
25 51|qwen2_sd_mlp_gate 64:32:6:960:0 51_bili_ra.txt 0.057036533 0.056269951 24 19.6308
25 51|qwen2_sd_mlp_down 256:16:6:960:0 51_bili_rc.txt 0.043793338 0.042836716 24 19.6308
25 51|qwen2_sd_mlp_up 128:16:6:960:0 51_bili_re.txt 0.048008136 0.047030394 24 19.6308
25 51|qwen2_sd_output 128:16:6:960:150 51_bili_rb.txt 0.75658223 0.7442188 1 19.6308
26 51|qwen2_sd_gen 256:16:6:960:0 51_bili_ra.txt 0.027337617 0.026674336 24 19.5841
26 51|qwen2_sd_attention 256:16:6:960:50 51_bili_rd.txt 0.027874688 0.026915039 24 19.5841
26 51|qwen2_sd_mlp_gate 256:16:6:960:50 51_bili_ra.txt 0.044038574 0.043017298 24 19.5841
26 51|qwen2_sd_mlp_down 32:16:6:960:0 51_bili_rd.txt 0.056502261 0.0554068 24 19.5841
26 51|qwen2_sd_mlp_up 256:16:6:960:0 51_bili_rd.txt 0.04368846 0.042619112 24 19.5841
26 51|qwen2_sd_output 256:16:6:960:0 51_bili_rd.txt 0.62813479 0.61475616 1 19.5841
27 51|qwen2_sd_gen 256:16:6:960:0 51_bili_re.txt 0.027140742 0.026523047 24 19.7734
27 51|qwen2_sd_attention 256:16:6:960:0 51_bili_re.txt 0.024068262 0.023139492 24 19.7734
27 51|qwen2_sd_mlp_gate 64:32:6:960:0 51_bili_rb.txt 0.048181023 0.047215446 24 19.7734
27 51|qwen2_sd_mlp_down 64:32:6:960:0 51_bili_rb.txt 0.048677746 0.047522364 24 19.7734
27 51|qwen2_sd_mlp_up 64:16:6:960:0 51_bili_ra.txt 0.044047715 0.043074379 24 19.7734
27 51|qwen2_sd_output 128:32:6:960:0 51_bili_rd.txt 0.63184896 0.6161904 1 19.7734
28 51|qwen2_sd_gen 256:32:6:960:0 51_bili_ra.txt 0.027428555 0.026877949 24 19.9850
28 51|qwen2_sd_attention 256:16:6:960:0 51_bili_rc.txt 0.024451875 0.023839395 24 19.9850
28 51|qwen2_sd_mlp_gate 64:16:6:960:0 51_bili_rb.txt 0.0435935 0.042854604 24 19.9850
28 51|qwen2_sd_mlp_down 256:16:6:960:0 51_bili_rd.txt 0.047853843 0.046753541 24 19.9850
28 51|qwen2_sd_mlp_up 256:32:6:960:0 51_bili_rc.txt 0.048051078 0.04689795 24 19.9850
28 51|qwen2_sd_output 64:32:6:960:0 51_bili_ra.txt 0.76340868 0.75317091 1 19.9850
29 51|qwen2_sd_gen 256:16:6:960:0 51_bili_rd.txt 0.027107813 0.026498789 24 20.0115
29 51|qwen2_sd_attention 256:16:6:960:0 51_bili_ra.txt 0.025619473 0.024989941 24 20.0115
29 51|qwen2_sd_mlp_gate 256:32:6:960:0 51_bili_re.txt 0.043660511 0.042755567 24 20.0115
29 51|qwen2_sd_mlp_down 64:16:6:960:0 51_bili_rd.txt 0.05478458 0.053317814 24 20.0115
29 51|qwen2_sd_mlp_up 256:16:6:960:0 51_bili_re.txt 0.043669257 0.042582943 24 20.0115
29 51|qwen2_sd_output 128:16:6:960:0 51_bili_re.txt 0.62819002 0.61492948 1 20.0115
30 51|qwen2_sd_gen 256:16:6:960:0 51_bili_rd.txt 0.027107813 0.026498789 24 20.1990
30 51|qwen2_sd_attention 128:16:6:960:0 51_bili_ra.txt 0.027329766 0.026755078 24 20.1990
30 51|qwen2_sd_mlp_gate 256:16:6:960:0 51_bili_rc.txt 0.043361165 0.042526388 24 20.1990
30 51|qwen2_sd_mlp_down 256:16:6:960:0 51_bili_re.txt 0.048302696 0.047179924 24 20.1990
30 51|qwen2_sd_mlp_up 64:16:6:960:0 51_bili_rb.txt 0.043608625 0.042854604 24 20.1990
30 51|qwen2_sd_output 64:16:6:960:0 51_bili_rb.txt 0.74936912 0.73905325 1 20.1990
31 51|qwen2_sd_gen 256:16:6:960:0 51_bili_re.txt 0.027140742 0.026523047 24 20.1778
31 51|qwen2_sd_attention 128:16:6:960:0 51_bili_re.txt 0.027847324 0.027032344 24 20.1778
31 51|qwen2_sd_mlp_gate 128:16:6:960:0 51_bili_rb.txt 0.042892745 0.04207408 24 20.1778
31 51|qwen2_sd_mlp_down 256:16:6:960:0 51_bili_rb.txt 0.048531142 0.047088217 24 20.1778
31 51|qwen2_sd_mlp_up 256:16:6:960:0 51_bili_rb.txt 0.041907572 0.04092595 24 20.1778
31 51|qwen2_sd_output 64:16:6:960:0 51_bili_re.txt 0.86016759 0.84911079 1 20.1778
32 51|qwen2_sd_gen 64:16:6:960:0 51_bili_rd.txt 0.027172793 0.026524863 24 20.3235
32 51|qwen2_sd_attention 64:16:6:960:150 51_bili_rd.txt 0.031195957 0.03039668 24 20.3235
32 51|qwen2_sd_mlp_gate 128:16:6:960:0 51_bili_re.txt 0.048008136 0.047030394 24 20.3235
32 51|qwen2_sd_mlp_down 64:16:6:960:0 51_bili_rc.txt 0.050273029 0.049427022 24 20.3235
32 51|qwen2_sd_mlp_up 256:16:6:960:0 51_bili_ra.txt 0.04827539 0.047229717 24 20.3235
32 51|qwen2_sd_output 64:16:12:960:0 51_bili_rc.txt 0.74825868 0.73740568 1 20.3235
33 51|qwen2_sd_gen 256:16:6:960:0 51_bili_rc.txt 0.025651875 0.025078945 24 20.3334
33 51|qwen2_sd_attention 128:16:6:960:0 51_bili_ra.txt 0.027329766 0.026755078 24 20.3334
33 51|qwen2_sd_mlp_gate 64:16:6:960:0 51_bili_rc.txt 0.043471315 0.042588138 24 20.3334
33 51|qwen2_sd_mlp_down 64:16:6:960:0 51_bili_rb.txt 0.048603759 0.047435955 24 20.3334
33 51|qwen2_sd_mlp_up 128:16:6:960:0 51_bili_rd.txt 0.04797611 0.046972129 24 20.3334
33 51|qwen2_sd_output 256:16:6:960:0 51_bili_re.txt 0.62914428 0.61491044 1 20.3334
34 51|qwen2_sd_gen 128:16:6:960:0 51_bili_rc.txt 0.02718 0.026412363 24 20.4271
34 51|qwen2_sd_attention 64:16:6:960:0 51_bili_rb.txt 0.027200098 0.026564531 24 20.4271
34 51|qwen2_sd_mlp_gate 256:32:6:960:0 51_bili_rd.txt 0.047933496 0.047024146 24 20.4271
34 51|qwen2_sd_mlp_down 256:16:6:960:0 51_bili_rb.txt 0.048531142 0.047088217 24 20.4271
34 51|qwen2_sd_mlp_up 256:16:6:960:0 51_bili_rc.txt 0.043646701 0.042519483 24 20.4271
34 51|qwen2_sd_output 128:16:6:960:0 51_bili_rc.txt 0.62355398 0.61085342 1 20.4271
35 51|qwen2_sd_gen 64:16:6:960:0 51_bili_rc.txt 0.026959688 0.026366426 24 20.6544
35 51|qwen2_sd_attention 64:16:6:960:0 51_bili_re.txt 0.029564473 0.029078613 24 20.6544
35 51|qwen2_sd_mlp_gate 256:16:6:960:0 51_bili_rd.txt 0.04368846 0.042619112 24 20.6544
35 51|qwen2_sd_mlp_down 64:32:6:960:0 51_bili_re.txt 0.051575927 0.050702061 24 20.6544
35 51|qwen2_sd_mlp_up 64:16:6:960:0 51_bili_rb.txt 0.0435935 0.042854604 24 20.6544
35 51|qwen2_sd_output 256:16:12:960:0 51_bili_ra.txt 0.63716879 0.62282448 1 20.6544
36 51|qwen2_sd_gen 64:16:6:960:0 51_bili_re.txt 0.027207949 0.026522812 24 20.6365
36 51|qwen2_sd_attention 256:32:6:960:150 51_bili_rd.txt 0.031169238 0.030381445 24 20.6365
36 51|qwen2_sd_mlp_gate 128:16:6:960:0 51_bili_rb.txt 0.042892745 0.04207408 24 20.6365
36 51|qwen2_sd_mlp_down 64:16:6:960:0 51_bili_re.txt 0.051517925 0.050499374 24 20.6365
36 51|qwen2_sd_mlp_up 64:16:6:960:0 51_bili_re.txt 0.043722919 0.04271006 24 20.6365
36 51|qwen2_sd_output 256:16:6:960:0 51_bili_rc.txt 0.71625967 0.70226392 1 20.6365
37 51|qwen2_sd_gen 256:16:6:960:0 51_bili_ra.txt 0.027337617 0.026674336 24 20.7202
37 51|qwen2_sd_attention 64:32:6:960:0 51_bili_rc.txt 0.036880254 0.036228457 24 20.7202
37 51|qwen2_sd_mlp_gate 64:32:12:960:0 51_bili_re.txt 0.052042933 0.051215653 24 20.7202
37 51|qwen2_sd_mlp_down 256:32:6:960:0 51_bili_ra.txt 0.0487679 0.04772432 24 20.7202
37 51|qwen2_sd_mlp_up 128:32:6:960:0 51_bili_rc.txt 0.043555095 0.042678166 24 20.7202
37 51|qwen2_sd_output 32:16:6:960:0 51_bili_re.txt 0.96837566 0.95438371 1 20.7202
38 51|qwen2_sd_gen 128:16:6:960:0 51_bili_re.txt 0.03097793 0.03036123 24 20.6534
38 51|qwen2_sd_attention 64:16:6:960:0 51_bili_re.txt 0.029564473 0.029078613 24 20.6534
38 51|qwen2_sd_mlp_gate 256:16:6:960:0 51_bili_re.txt 0.043669257 0.042582943 24 20.6534
38 51|qwen2_sd_mlp_down 64:16:6:960:0 51_bili_ra.txt 0.050844097 0.049868568 24 20.6534
38 51|qwen2_sd_mlp_up 64:16:6:960:0 51_bili_rb.txt 0.0435935 0.042854604 24 20.6534
38 51|qwen2_sd_output 128:32:6:960:0 51_bili_rc.txt 0.74921293 0.73720759 1 20.6534
39 51|qwen2_sd_gen 64:16:6:960:0 51_bili_rc.txt 0.026959688 0.026366426 24 20.6112
39 51|qwen2_sd_attention 128:16:6:960:0 51_bili_ra.txt 0.027329766 0.026755078 24 20.6112
39 51|qwen2_sd_mlp_gate 64:32:6:960:150 51_bili_re.txt 0.056778485 0.055939434 24 20.6112
39 51|qwen2_sd_mlp_down 64:16:6:960:0 51_bili_ra.txt 0.050844097 0.049868568 24 20.6112
39 51|qwen2_sd_mlp_up 128:16:6:960:0 51_bili_re.txt 0.048008136 0.047030394 24 20.6112
39 51|qwen2_sd_output 64:16:6:960:0 51_bili_rc.txt 0.7480644 0.73466862 1 20.6112
40 51|qwen2_sd_gen 256:32:6:960:0 51_bili_rc.txt 0.025576816 0.02506043 24 20.5483
40 51|qwen2_sd_attention 64:16:6:960:0 51_bili_rc.txt 0.034746211 0.034125234 24 20.5483
40 51|qwen2_sd_mlp_gate 64:16:6:960:0 51_bili_ra.txt 0.044047715 0.043074379 24 20.5483
40 51|qwen2_sd_mlp_down 64:16:6:960:0 51_bili_rb.txt 0.048603759 0.047435955 24 20.5483
40 51|qwen2_sd_mlp_up 64:16:6:960:0 51_bili_rc.txt 0.043471315 0.042588138 24 20.5483
40 51|qwen2_sd_output 64:16:6:960:0 51_bili_rc.txt 0.7480644 0.73466862 1 20.5483
41 51|qwen2_sd_gen 128:32:6:960:0 51_bili_rc.txt 0.031148379 0.030376406 24 20.5851
41 51|qwen2_sd_attention 64:16:6:960:0 51_bili_re.txt 0.029564473 0.029078613 24 20.5851
41 51|qwen2_sd_mlp_gate 64:32:6:960:0 51_bili_rb.txt 0.048181023 0.047215446 24 20.5851
41 51|qwen2_sd_mlp_down 256:16:6:960:0 51_bili_rd.txt 0.04736078 0.04628039 24 20.5851
41 51|qwen2_sd_mlp_up 64:16:6:960:0 51_bili_ra.txt 0.044044164 0.043068526 24 20.5851
41 51|qwen2_sd_output 128:32:6:960:0 51_bili_re.txt 0.84189387 0.83167323 1 20.5851
42 51|qwen2_sd_gen 256:16:6:960:0 51_bili_re.txt 0.027140742 0.026523047 24 20.5846
42 51|qwen2_sd_attention 256:16:6:960:0 51_bili_rd.txt 0.026273438 0.025723184 24 20.5846
42 51|qwen2_sd_mlp_gate 64:32:6:960:0 51_bili_rd.txt 0.051632976 0.05064892 24 20.5846
42 51|qwen2_sd_mlp_down 64:16:12:960:0 51_bili_rd.txt 0.054683282 0.053317814 24 20.5846
42 51|qwen2_sd_mlp_up 64:16:6:960:0 51_bili_rb.txt 0.0435935 0.042854604 24 20.5846
42 51|qwen2_sd_output 64:16:6:960:0 51_bili_rd.txt 0.7543442 0.74246838 1 20.5846
43 51|qwen2_sd_gen 256:32:6:960:0 51_bili_rc.txt 0.025576816 0.02506043 24 20.5966
43 51|qwen2_sd_attention 64:16:6:960:0 51_bili_rc.txt 0.034746211 0.034125234 24 20.5966
43 51|qwen2_sd_mlp_gate 64:32:6:960:0 51_bili_ra.txt 0.057029562 0.056269951 24 20.5966
43 51|qwen2_sd_mlp_down 128:16:6:960:0 51_bili_rc.txt 0.043877098 0.042972358 24 20.5966
43 51|qwen2_sd_mlp_up 64:32:6:960:0 51_bili_ra.txt 0.057029562 0.056269951 24 20.5966
43 51|qwen2_sd_output 64:16:6:960:0 51_bili_rd.txt 0.7543442 0.74246838 1 20.5966
44 51|qwen2_sd_gen 128:16:6:960:0 51_bili_re.txt 0.03097793 0.03036123 24 20.4088
44 51|qwen2_sd_attention 128:32:6:960:0 51_bili_rd.txt 0.03112084 0.030386953 24 20.4088
44 51|qwen2_sd_mlp_gate 64:16:6:960:0 51_bili_rb.txt 0.043578112 0.042854604 24 20.4088
44 51|qwen2_sd_mlp_down 64:16:6:960:0 51_bili_ra.txt 0.050844097 0.049868568 24 20.4088
44 51|qwen2_sd_mlp_up 256:16:6:960:0 51_bili_rc.txt 0.043361165 0.042526388 24 20.4088
44 51|qwen2_sd_output 32:16:6:960:0 51_bili_ra.txt 0.99216539 0.97799631 1 20.4088
45 51|qwen2_sd_gen 128:16:6:960:0 51_bili_rc.txt 0.02718 0.026412363 24 20.3363
45 51|qwen2_sd_attention 128:16:6:960:0 51_bili_rc.txt 0.030908437 0.030179062 24 20.3363
45 51|qwen2_sd_mlp_gate 64:32:6:960:0 51_bili_rd.txt 0.051632976 0.05064892 24 20.3363
45 51|qwen2_sd_mlp_down 64:16:6:960:0 51_bili_rb.txt 0.048604672 0.047435955 24 20.3363
45 51|qwen2_sd_mlp_up 256:16:6:960:0 51_bili_rb.txt 0.041907572 0.04092595 24 20.3363
45 51|qwen2_sd_output 64:16:6:960:0 51_bili_re.txt 0.86016759 0.84911079 1 20.3363
46 51|qwen2_sd_gen 256:16:6:960:0 51_bili_rd.txt 0.027137168 0.026493809 24 20.4148
46 51|qwen2_sd_attention 256:16:6:960:0 51_bili_rd.txt 0.026273438 0.025723184 24 20.4148
46 51|qwen2_sd_mlp_gate 256:16:6:960:0 51_bili_rc.txt 0.043361165 0.042526388 24 20.4148
46 51|qwen2_sd_mlp_down 64:16:6:960:0 51_bili_rb.txt 0.048603759 0.047435955 24 20.4148
46 51|qwen2_sd_mlp_up 128:16:6:960:0 51_bili_ra.txt 0.048306561 0.04735907 24 20.4148
46 51|qwen2_sd_output 64:32:6:960:0 51_bili_rc.txt 0.75092907 0.7397218 1 20.4148
47 51|qwen2_sd_gen 256:16:6:960:0 51_bili_rd.txt 0.027090293 0.026464219 24 20.4395
47 51|qwen2_sd_attention 256:16:6:960:0 51_bili_re.txt 0.027071074 0.026472012 24 20.4395
47 51|qwen2_sd_mlp_gate 64:16:6:960:0 51_bili_re.txt 0.043722919 0.04271006 24 20.4395
47 51|qwen2_sd_mlp_down 256:16:6:960:0 51_bili_re.txt 0.04827977 0.047188053 24 20.4395
47 51|qwen2_sd_mlp_up 256:16:6:960:0 51_bili_re.txt 0.043669257 0.042582943 24 20.4395
47 51|qwen2_sd_output 128:16:6:960:0 51_bili_rd.txt 0.62896905 0.61653324 1 20.4395
48 51|qwen2_sd_gen 64:16:6:960:0 51_bili_rb.txt 0.03492041 0.034146621 24 20.5815
48 51|qwen2_sd_attention 256:16:6:960:0 51_bili_re.txt 0.027071074 0.026472012 24 20.5815
48 51|qwen2_sd_mlp_gate 64:16:6:960:0 51_bili_rd.txt 0.047996759 0.046989161 24 20.5815
48 51|qwen2_sd_mlp_down 256:16:6:960:0 51_bili_rc.txt 0.043793338 0.042836716 24 20.5815
48 51|qwen2_sd_mlp_up 64:16:6:960:0 51_bili_rb.txt 0.0435935 0.042854604 24 20.5815
48 51|qwen2_sd_output 256:16:6:960:0 51_bili_rd.txt 0.62813479 0.61475616 1 20.5815
49 51|qwen2_sd_gen 128:16:6:960:0 51_bili_re.txt 0.03097793 0.03036123 24 20.6178
49 51|qwen2_sd_attention 256:32:6:960:0 51_bili_re.txt 0.028220449 0.027726152 24 20.6178
49 51|qwen2_sd_mlp_gate 128:16:6:960:0 51_bili_rb.txt 0.042892745 0.04207408 24 20.6178
49 51|qwen2_sd_mlp_down 256:16:6:960:0 51_bili_re.txt 0.04827977 0.047188053 24 20.6178
49 51|qwen2_sd_mlp_up 256:16:6:960:0 51_bili_rc.txt 0.045465927 0.044475691 24 20.6178
49 51|qwen2_sd_output 128:16:6:960:0 51_bili_rd.txt 0.62861287 0.6161923 1 20.6178
50 51|qwen2_sd_gen 128:16:6:960:0 51_bili_ra.txt 0.02739668 0.026756309 24 20.6378
50 51|qwen2_sd_attention 256:16:6:960:0 51_bili_rb.txt 0.027184512 0.026406855 24 20.6378
50 51|qwen2_sd_mlp_gate 128:16:6:960:0 51_bili_rb.txt 0.042892745 0.04207408 24 20.6378
50 51|qwen2_sd_mlp_down 256:16:6:960:0 51_bili_rb.txt 0.048531142 0.047088217 24 20.6378
50 51|qwen2_sd_mlp_up 256:32:6:960:0 51_bili_ra.txt 0.048339574 0.047396028 24 20.6378
50 51|qwen2_sd_output 64:16:6:960:0 51_bili_re.txt 0.86016759 0.84911079 1 20.6378
51 51|qwen2_sd_gen 256:16:6:960:0 51_bili_re.txt 0.027140742 0.026523047 24 20.7421
51 51|qwen2_sd_attention 256:16:6:960:0 51_bili_re.txt 0.027071074 0.026472012 24 20.7421
51 51|qwen2_sd_mlp_gate 64:16:6:960:0 51_bili_rd.txt 0.047996759 0.046989161 24 20.7421
51 51|qwen2_sd_mlp_down 64:16:6:960:0 51_bili_ra.txt 0.050844097 0.049868568 24 20.7421
51 51|qwen2_sd_mlp_up 256:16:6:960:0 51_bili_ra.txt 0.048292225 0.047256087 24 20.7421
51 51|qwen2_sd_output 256:32:6:960:0 51_bili_rc.txt 0.62509679 0.61085342 1 20.7421
52 51|qwen2_sd_gen 256:16:6:960:0 51_bili_rc.txt 0.027189023 0.026412363 24 20.8040
52 51|qwen2_sd_attention 256:16:6:960:0 51_bili_rc.txt 0.024451875 0.023839395 24 20.8040
52 51|qwen2_sd_mlp_gate 64:16:6:960:0 51_bili_rc.txt 0.043471315 0.042588138 24 20.8040
52 51|qwen2_sd_mlp_down 128:16:6:960:0 51_bili_rb.txt 0.048530137 0.047190337 24 20.8040
52 51|qwen2_sd_mlp_up 256:16:6:960:0 51_bili_re.txt 0.043669257 0.042582943 24 20.8040
52 51|qwen2_sd_output 128:16:6:960:0 51_bili_rc.txt 0.62355398 0.61085342 1 20.8040
53 51|qwen2_sd_gen 256:16:6:960:0 51_bili_ra.txt 0.027337617 0.026674336 24 21.0295
53 51|qwen2_sd_attention 256:16:6:960:0 51_bili_rd.txt 0.026273438 0.025723184 24 21.0295
53 51|qwen2_sd_mlp_gate 256:16:6:960:0 51_bili_ra.txt 0.048286964 0.047244316 24 21.0295
53 51|qwen2_sd_mlp_down 128:16:6:960:0 51_bili_rd.txt 0.048287899 0.047260304 24 21.0295
53 51|qwen2_sd_mlp_up 256:16:6:960:0 51_bili_rc.txt 0.043361165 0.042526388 24 21.0295
53 51|qwen2_sd_output 128:16:6:960:0 51_bili_rd.txt 0.62896905 0.61653324 1 21.0295
54 51|qwen2_sd_gen 256:16:6:960:0 51_bili_ra.txt 0.027337617 0.026674336 24 21.0844
54 51|qwen2_sd_attention 256:32:6:960:0 51_bili_rd.txt 0.025563633 0.025050996 24 21.0844
54 51|qwen2_sd_mlp_gate 64:16:6:960:0 51_bili_rc.txt 0.04349203 0.042588138 24 21.0844
54 51|qwen2_sd_mlp_down 32:16:6:960:0 51_bili_rb.txt 0.051896446 0.051108714 24 21.0844
54 51|qwen2_sd_mlp_up 128:16:6:960:0 51_bili_rd.txt 0.04800978 0.047045716 24 21.0844
54 51|qwen2_sd_output 256:16:6:960:0 51_bili_ra.txt 0.63678404 0.62348541 1 21.0844
55 51|qwen2_sd_gen 128:16:6:960:0 51_bili_rb.txt 0.031028262 0.030349336 24 21.0685
55 51|qwen2_sd_attention 256:16:6:960:0 51_bili_ra.txt 0.025619473 0.024989941 24 21.0685
55 51|qwen2_sd_mlp_gate 128:16:6:960:0 51_bili_rd.txt 0.04800978 0.047045716 24 21.0685
55 51|qwen2_sd_mlp_down 256:16:6:960:0 51_bili_re.txt 0.04827977 0.047188053 24 21.0685
55 51|qwen2_sd_mlp_up 256:32:6:960:0 51_bili_rc.txt 0.048036347 0.04687684 24 21.0685
55 51|qwen2_sd_output 64:32:6:960:0 51_bili_rc.txt 0.75183381 0.7411808 1 21.0685
56 51|qwen2_sd_gen 128:16:6:960:0 51_bili_ra.txt 0.02739668 0.026756309 24 21.1378
56 51|qwen2_sd_attention 256:16:6:960:0 51_bili_rb.txt 0.027184512 0.026406855 24 21.1378
56 51|qwen2_sd_mlp_gate 64:16:6:960:0 51_bili_rb.txt 0.043601589 0.042786212 24 21.1378
56 51|qwen2_sd_mlp_down 256:16:6:960:0 51_bili_rb.txt 0.048531142 0.047088217 24 21.1378
56 51|qwen2_sd_mlp_up 256:32:12:960:0 51_bili_rb.txt 0.04373732 0.04266646 24 21.1378
56 51|qwen2_sd_output 128:32:6:960:0 51_bili_ra.txt 0.63847923 0.62789861 1 21.1378
57 51|qwen2_sd_gen 128:16:6:960:0 51_bili_re.txt 0.03097793 0.03036123 24 21.3329
57 51|qwen2_sd_attention 256:32:6:960:0 51_bili_ra.txt 0.02733041 0.026779512 24 21.3329
57 51|qwen2_sd_mlp_gate 64:32:6:960:0 51_bili_rb.txt 0.048181023 0.047215446 24 21.3329
57 51|qwen2_sd_mlp_down 64:16:6:960:0 51_bili_rc.txt 0.050273029 0.049427022 24 21.3329
57 51|qwen2_sd_mlp_up 64:16:6:960:0 51_bili_rd.txt 0.047996759 0.046989161 24 21.3329
57 51|qwen2_sd_output 64:16:6:960:0 51_bili_rc.txt 0.7480644 0.73466862 1 21.3329
58 51|qwen2_sd_gen 256:16:6:960:0 51_bili_rb.txt 0.027159199 0.026447285 24 21.2961
58 51|qwen2_sd_attention 64:16:6:960:0 51_bili_rb.txt 0.027200098 0.026564531 24 21.2961
58 51|qwen2_sd_mlp_gate 128:16:6:960:0 51_bili_rb.txt 0.042892745 0.04207408 24 21.2961
58 51|qwen2_sd_mlp_down 64:16:6:960:0 51_bili_rd.txt 0.05478458 0.053317814 24 21.2961
58 51|qwen2_sd_mlp_up 256:16:6:960:0 51_bili_re.txt 0.043669257 0.042582943 24 21.2961
58 51|qwen2_sd_output 256:16:6:960:0 51_bili_ra.txt 0.76086781 0.74821868 1 21.2961
59 51|qwen2_sd_gen 128:16:6:960:0 51_bili_rd.txt 0.027121582 0.026494102 24 21.4496
59 51|qwen2_sd_attention 256:32:6:960:0 51_bili_ra.txt 0.02733041 0.026779512 24 21.4496
59 51|qwen2_sd_mlp_gate 256:16:6:960:0 51_bili_rc.txt 0.043361165 0.042526388 24 21.4496
59 51|qwen2_sd_mlp_down 128:16:6:960:0 51_bili_rb.txt 0.048530137 0.047190337 24 21.4496
59 51|qwen2_sd_mlp_up 128:32:6:960:0 51_bili_ra.txt 0.048374953 0.047542741 24 21.4496
59 51|qwen2_sd_output 64:32:6:960:0 51_bili_rb.txt 0.75438801 0.74580542 1 21.4496
