0 51|qwen2_sd_gen 128:16:6:960:50 51_bili_rd.txt 0.027176895 0.026464219 24 5.0000
0 51|qwen2_sd_attention 32:16:6:480:50 51_bili_rc.txt 0.028322461 0.027508887 24 5.0000
0 51|qwen2_sd_mlp_gate 256:16:6:960:50 51_bili_re.txt 0.048046014 0.047030394 24 5.0000
0 51|qwen2_sd_mlp_down 32:8:6:960:0 51_bili_re.txt 0.056693439 0.055567013 24 5.0000
0 51|qwen2_sd_mlp_up 256:8:2:960:150 51_bili_rd.txt 0.071091871 0.06900973 24 5.0000
0 51|qwen2_sd_output 32:16:6:960:50 51_bili_ra.txt 1.0071592 0.99221682 1 5.0000
1 51|qwen2_sd_gen 32:16:6:240:50 51_bili_re.txt 0.022329199 0.021005566 24 5.1660
1 51|qwen2_sd_attention 128:32:12:960:50 51_bili_rd.txt 0.031124883 0.030396621 24 5.1660
1 51|qwen2_sd_mlp_gate 32:8:2:240:150 51_bili_re.txt 0.049320538 0.046479115 24 5.1660
1 51|qwen2_sd_mlp_down 256:32:6:480:0 51_bili_ra.txt 0.042945869 0.041440831 24 5.1660
1 51|qwen2_sd_mlp_up 64:32:12:960:50 51_bili_re.txt 0.052596711 0.051506779 24 5.1660
1 51|qwen2_sd_output 32:8:12:240:150 51_bili_rc.txt 0.79856188 0.77706921 1 5.1660
2 51|qwen2_sd_gen 128:16:12:960:0 51_bili_rc.txt 0.027345938 0.026527969 24 5.9760
2 51|qwen2_sd_attention 64:8:6:240:150 51_bili_rd.txt 0.023232832 0.021835664 24 5.9760
2 51|qwen2_sd_mlp_gate 64:16:12:960:150 51_bili_rd.txt 0.052613743 0.051263659 24 5.9760
2 51|qwen2_sd_mlp_down 16:8:6:480:0 51_bili_ra.txt 0.103836 0.1006511 24 5.9760
2 51|qwen2_sd_mlp_up 64:8:6:240:150 51_bili_rb.txt 0.040487453 0.038167518 24 5.9760
2 51|qwen2_sd_output 32:16:12:480:0 51_bili_re.txt 0.85680579 0.8436881 1 5.9760
3 51|qwen2_sd_gen 64:32:6:480:50 51_bili_rc.txt 0.031096523 0.029767207 24 6.6738
3 51|qwen2_sd_attention 256:8:6:480:0 51_bili_rb.txt 0.021873574 0.020941406 24 6.6738
3 51|qwen2_sd_mlp_gate 256:8:12:480:50 51_bili_rb.txt 0.039202736 0.037928738 24 6.6738
3 51|qwen2_sd_mlp_down 128:16:2:240:50 51_bili_rc.txt 0.048207975 0.044943056 24 6.6738
3 51|qwen2_sd_mlp_up 64:8:12:480:50 51_bili_rd.txt 0.04361336 0.042010686 24 6.6738
3 51|qwen2_sd_output 32:8:6:480:150 51_bili_re.txt 0.87933651 0.86218276 1 6.6738
4 51|qwen2_sd_gen 128:16:12:240:0 51_bili_rd.txt 0.019478145 0.017943457 24 7.7400
4 51|qwen2_sd_attention 256:16:12:240:0 51_bili_ra.txt 0.019636348 0.018199805 24 7.7400
4 51|qwen2_sd_mlp_gate 128:32:12:480:150 51_bili_rc.txt 0.047868392 0.046644045 24 7.7400
4 51|qwen2_sd_mlp_down 256:16:12:240:0 51_bili_rb.txt 0.036297652 0.03395839 24 7.7400
4 51|qwen2_sd_mlp_up 256:16:12:240:0 51_bili_re.txt 0.039236077 0.036861166 24 7.7400
4 51|qwen2_sd_output 256:8:12:240:0 51_bili_ra.txt 0.63612311 0.60674117 1 7.7400
5 51|qwen2_sd_gen 128:8:6:480:50 51_bili_rb.txt 0.023278535 0.022219629 24 9.4207
5 51|qwen2_sd_attention 128:8:12:480:0 51_bili_re.txt 0.023232598 0.022305879 24 9.4207
5 51|qwen2_sd_mlp_gate 128:8:12:480:0 51_bili_ra.txt 0.043921453 0.042455497 24 9.4207
5 51|qwen2_sd_mlp_down 128:8:6:480:50 51_bili_rc.txt 0.048527032 0.046557247 24 9.4207
5 51|qwen2_sd_mlp_up 128:8:6:240:50 51_bili_rd.txt 0.039335903 0.03686498 24 9.4207
5 51|qwen2_sd_output 32:8:12:480:0 51_bili_rd.txt 0.82237447 0.80437313 1 9.4207
6 51|qwen2_sd_gen 32:32:12:960:150 51_bili_ra.txt 0.035187891 0.034540078 24 10.4536
6 51|qwen2_sd_attention 256:8:12:480:50 51_bili_rc.txt 0.023464629 0.022069395 24 10.4536
6 51|qwen2_sd_mlp_gate 256:32:6:480:0 51_bili_rc.txt 0.042917866 0.041628612 24 10.4536
6 51|qwen2_sd_mlp_down 32:8:12:480:50 51_bili_re.txt 0.054441774 0.052765836 24 10.4536
6 51|qwen2_sd_mlp_up 256:8:12:480:150 51_bili_ra.txt 0.043948415 0.042432678 24 10.4536
6 51|qwen2_sd_output 256:8:12:960:50 51_bili_re.txt 0.62762052 0.61309145 1 10.4536
7 51|qwen2_sd_gen 256:8:12:240:50 51_bili_rb.txt 0.017494805 0.016254258 24 11.0301
7 51|qwen2_sd_attention 256:8:6:960:0 51_bili_re.txt 0.025058848 0.024327715 24 11.0301
7 51|qwen2_sd_mlp_gate 256:8:12:960:0 51_bili_rd.txt 0.043189724 0.042004242 24 11.0301
7 51|qwen2_sd_mlp_down 256:8:6:960:0 51_bili_re.txt 0.048317768 0.047148959 24 11.0301
7 51|qwen2_sd_mlp_up 256:32:6:960:0 51_bili_rc.txt 0.045452183 0.044577884 24 11.0301
7 51|qwen2_sd_output 128:8:6:960:0 51_bili_rd.txt 0.62748528 0.61324573 1 11.0301
8 51|qwen2_sd_gen 256:32:12:960:0 51_bili_rd.txt 0.025862988 0.025324629 24 11.4387
8 51|qwen2_sd_attention 256:8:6:960:0 51_bili_ra.txt 0.027535723 0.026517656 24 11.4387
8 51|qwen2_sd_mlp_gate 256:8:6:960:0 51_bili_rc.txt 0.041030906 0.039883433 24 11.4387
8 51|qwen2_sd_mlp_down 256:8:6:960:0 51_bili_rc.txt 0.042516472 0.040952336 24 11.4387
8 51|qwen2_sd_mlp_up 256:8:6:480:0 51_bili_rb.txt 0.039215033 0.037877444 24 11.4387
8 51|qwen2_sd_output 128:32:6:960:150 51_bili_re.txt 0.99703191 0.98695032 1 11.4387
9 51|qwen2_sd_gen 256:32:12:960:0 51_bili_rb.txt 0.028662598 0.028072617 24 11.8226
9 51|qwen2_sd_attention 256:8:12:960:0 51_bili_re.txt 0.027268887 0.026242207 24 11.8226
9 51|qwen2_sd_mlp_gate 256:32:6:960:0 51_bili_rb.txt 0.043832017 0.042757803 24 11.8226
9 51|qwen2_sd_mlp_down 256:32:12:960:0 51_bili_ra.txt 0.048702134 0.04772432 24 11.8226
9 51|qwen2_sd_mlp_up 256:32:6:960:0 51_bili_rc.txt 0.048051078 0.04689795 24 11.8226
9 51|qwen2_sd_output 256:32:12:960:50 51_bili_ra.txt 0.63719927 0.62577486 1 11.8226
10 51|qwen2_sd_gen 256:8:12:480:0 51_bili_rd.txt 0.02295498 0.022020059 24 12.0101
10 51|qwen2_sd_attention 256:8:6:960:0 51_bili_ra.txt 0.027535723 0.026517656 24 12.0101
10 51|qwen2_sd_mlp_gate 256:32:12:960:0 51_bili_re.txt 0.047907521 0.047002116 24 12.0101
10 51|qwen2_sd_mlp_down 256:8:12:960:0 51_bili_rb.txt 0.042580045 0.041165619 24 12.0101
10 51|qwen2_sd_mlp_up 256:8:12:960:50 51_bili_rd.txt 0.046459189 0.045122323 24 12.0101
10 51|qwen2_sd_output 256:32:6:960:0 51_bili_ra.txt 0.7620773 0.74954626 1 12.0101
11 51|qwen2_sd_gen 256:32:12:960:0 51_bili_rb.txt 0.028662598 0.028072617 24 12.4088
11 51|qwen2_sd_attention 256:32:12:480:50 51_bili_re.txt 0.027297949 0.026135918 24 12.4088
11 51|qwen2_sd_mlp_gate 256:16:6:960:0 51_bili_re.txt 0.043669257 0.042582943 24 12.4088
11 51|qwen2_sd_mlp_down 256:32:12:960:0 51_bili_ra.txt 0.048702134 0.04772432 24 12.4088
11 51|qwen2_sd_mlp_up 256:32:12:960:0 51_bili_rc.txt 0.04799814 0.046877893 24 12.4088
11 51|qwen2_sd_output 256:32:6:960:0 51_bili_rd.txt 0.62802051 0.6161904 1 12.4088
12 51|qwen2_sd_gen 256:8:12:960:0 51_bili_rb.txt 0.023255742 0.022537734 24 12.6289
12 51|qwen2_sd_attention 256:8:6:480:0 51_bili_rc.txt 0.022428105 0.021362402 24 12.6289
12 51|qwen2_sd_mlp_gate 256:8:12:960:0 51_bili_rd.txt 0.043189724 0.042004242 24 12.6289
12 51|qwen2_sd_mlp_down 256:32:12:960:0 51_bili_re.txt 0.048301692 0.047338584 24 12.6289
12 51|qwen2_sd_mlp_up 256:32:12:960:0 51_bili_ra.txt 0.048277824 0.047362095 24 12.6289
12 51|qwen2_sd_output 256:8:12:960:0 51_bili_rd.txt 0.62709863 0.61211052 1 12.6289
13 51|qwen2_sd_gen 256:8:6:960:0 51_bili_rc.txt 0.023807461 0.022942207 24 12.9221
13 51|qwen2_sd_attention 32:32:12:960:0 51_bili_ra.txt 0.03534668 0.034650645 24 12.9221
13 51|qwen2_sd_mlp_gate 64:32:12:960:0 51_bili_rc.txt 0.04516178 0.044346272 24 12.9221
13 51|qwen2_sd_mlp_down 256:32:12:960:0 51_bili_rc.txt 0.042440475 0.040991247 24 12.9221
13 51|qwen2_sd_mlp_up 256:32:6:960:0 51_bili_rb.txt 0.043832017 0.042757803 24 12.9221
13 51|qwen2_sd_output 32:32:12:960:0 51_bili_rd.txt 0.88147169 0.87000157 1 12.9221
14 51|qwen2_sd_gen 256:32:6:480:0 51_bili_ra.txt 0.025583555 0.024551602 24 13.1051
14 51|qwen2_sd_attention 256:32:12:960:0 51_bili_ra.txt 0.024948867 0.024372656 24 13.1051
14 51|qwen2_sd_mlp_gate 256:8:6:960:0 51_bili_ra.txt 0.043942102 0.042779833 24 13.1051
14 51|qwen2_sd_mlp_down 256:16:12:960:0 51_bili_rb.txt 0.042553282 0.041411419 24 13.1051
14 51|qwen2_sd_mlp_up 256:8:12:960:0 51_bili_rb.txt 0.048232251 0.046785169 24 13.1051
14 51|qwen2_sd_output 256:32:6:960:0 51_bili_re.txt 0.75319948 0.74233124 1 13.1051
15 51|qwen2_sd_gen 256:32:12:960:0 51_bili_rc.txt 0.032524629 0.031842539 24 13.4465
15 51|qwen2_sd_attention 256:16:12:960:0 51_bili_rc.txt 0.023380898 0.022511953 24 13.4465
15 51|qwen2_sd_mlp_gate 256:32:6:960:0 51_bili_ra.txt 0.048339574 0.047396028 24 13.4465
15 51|qwen2_sd_mlp_down 256:32:6:960:0 51_bili_rd.txt 0.049171904 0.047819042 24 13.4465
15 51|qwen2_sd_mlp_up 256:32:6:960:0 51_bili_rd.txt 0.047933496 0.047024146 24 13.4465
15 51|qwen2_sd_output 256:32:12:960:0 51_bili_rc.txt 0.72491274 0.71264455 1 13.4465
16 51|qwen2_sd_gen 256:8:6:960:0 51_bili_rb.txt 0.027080742 0.026366133 24 13.5841
16 51|qwen2_sd_attention 128:16:12:960:0 51_bili_rb.txt 0.027071074 0.026558613 24 13.5841
16 51|qwen2_sd_mlp_gate 256:32:12:960:0 51_bili_rb.txt 0.04373732 0.04266646 24 13.5841
16 51|qwen2_sd_mlp_down 256:32:12:960:0 51_bili_re.txt 0.048280774 0.047235003 24 13.5841
16 51|qwen2_sd_mlp_up 256:8:12:960:0 51_bili_ra.txt 0.043870224 0.042665342 24 13.5841
16 51|qwen2_sd_output 256:32:12:960:0 51_bili_rc.txt 0.72491274 0.71264455 1 13.5841
17 51|qwen2_sd_gen 256:8:12:960:0 51_bili_ra.txt 0.027528516 0.026593711 24 13.7327
17 51|qwen2_sd_attention 256:32:12:960:0 51_bili_ra.txt 0.024948867 0.024372656 24 13.7327
17 51|qwen2_sd_mlp_gate 256:32:12:960:0 51_bili_ra.txt 0.048277824 0.047362095 24 13.7327
17 51|qwen2_sd_mlp_down 256:8:12:960:0 51_bili_rb.txt 0.042580045 0.041165619 24 13.7327
17 51|qwen2_sd_mlp_up 256:32:12:960:0 51_bili_rb.txt 0.04373732 0.04266646 24 13.7327
17 51|qwen2_sd_output 256:32:12:960:0 51_bili_re.txt 0.62762242 0.61541518 1 13.7327
18 51|qwen2_sd_gen 256:8:12:960:50 51_bili_rb.txt 0.028426992 0.027694922 24 14.0038
18 51|qwen2_sd_attention 256:16:6:960:0 51_bili_re.txt 0.027309199 0.026400703 24 14.0038
18 51|qwen2_sd_mlp_gate 256:32:12:960:0 51_bili_re.txt 0.047907521 0.047002116 24 14.0038
18 51|qwen2_sd_mlp_down 256:32:12:960:150 51_bili_rd.txt 0.054747404 0.053325578 24 14.0038
18 51|qwen2_sd_mlp_up 256:32:12:960:0 51_bili_re.txt 0.047907521 0.047002116 24 14.0038
18 51|qwen2_sd_output 256:16:6:960:0 51_bili_rc.txt 0.71625967 0.70226392 1 14.0038
19 51|qwen2_sd_gen 256:32:12:960:50 51_bili_re.txt 0.027108281 0.02653752 24 14.1591
19 51|qwen2_sd_attention 256:16:12:960:0 51_bili_rd.txt 0.027230332 0.026337832 24 14.1591
19 51|qwen2_sd_mlp_gate 128:32:6:960:0 51_bili_ra.txt 0.048374953 0.047542741 24 14.1591
19 51|qwen2_sd_mlp_down 256:8:12:960:0 51_bili_rd.txt 0.047428556 0.046280847 24 14.1591
19 51|qwen2_sd_mlp_up 256:32:12:960:0 51_bili_ra.txt 0.048277824 0.047362095 24 14.1591
19 51|qwen2_sd_output 256:32:12:960:0 51_bili_rd.txt 0.62813098 0.6161904 1 14.1591
20 51|qwen2_sd_gen 256:32:12:960:0 51_bili_ra.txt 0.027350742 0.026779512 24 14.2403
20 51|qwen2_sd_attention 256:32:12:960:0 51_bili_ra.txt 0.024948867 0.024372656 24 14.2403
20 51|qwen2_sd_mlp_gate 256:32:12:960:0 51_bili_ra.txt 0.048277824 0.047362095 24 14.2403
20 51|qwen2_sd_mlp_down 128:32:12:960:0 51_bili_rd.txt 0.054652865 0.053413449 24 14.2403
20 51|qwen2_sd_mlp_up 256:8:12:960:0 51_bili_ra.txt 0.043870224 0.042665342 24 14.2403
20 51|qwen2_sd_output 256:32:12:960:0 51_bili_ra.txt 0.63746402 0.6256282 1 14.2403
21 51|qwen2_sd_gen 256:32:12:960:0 51_bili_re.txt 0.027115781 0.026573262 24 14.3483
21 51|qwen2_sd_attention 256:32:12:960:0 51_bili_re.txt 0.027914824 0.027421465 24 14.3483
21 51|qwen2_sd_mlp_gate 256:32:12:960:0 51_bili_rb.txt 0.04373732 0.04266646 24 14.3483
21 51|qwen2_sd_mlp_down 256:32:12:960:0 51_bili_ra.txt 0.048702134 0.04772432 24 14.3483
21 51|qwen2_sd_mlp_up 256:32:12:960:0 51_bili_ra.txt 0.048277824 0.047362095 24 14.3483
21 51|qwen2_sd_output 256:32:12:960:50 51_bili_rc.txt 0.7482263 0.73424007 1 14.3483
22 51|qwen2_sd_gen 128:32:12:960:0 51_bili_re.txt 0.027106406 0.026573262 24 14.3581
22 51|qwen2_sd_attention 256:8:12:960:0 51_bili_ra.txt 0.023705742 0.022608164 24 14.3581
22 51|qwen2_sd_mlp_gate 256:32:6:960:0 51_bili_ra.txt 0.048339574 0.047396028 24 14.3581
22 51|qwen2_sd_mlp_down 128:32:12:960:0 51_bili_ra.txt 0.053104988 0.052193123 24 14.3581
22 51|qwen2_sd_mlp_up 64:32:12:960:50 51_bili_rd.txt 0.047999126 0.04716606 24 14.3581
22 51|qwen2_sd_output 256:32:12:960:0 51_bili_rb.txt 0.62647389 0.61502662 1 14.3581
23 51|qwen2_sd_gen 256:32:12:960:0 51_bili_re.txt 0.027115781 0.026573262 24 14.4175
23 51|qwen2_sd_attention 256:16:12:960:0 51_bili_re.txt 0.02512541 0.024479531 24 14.4175
23 51|qwen2_sd_mlp_gate 32:32:12:960:0 51_bili_ra.txt 0.051401758 0.050702187 24 14.4175
23 51|qwen2_sd_mlp_down 256:32:12:960:0 51_bili_rd.txt 0.046525643 0.045569295 24 14.4175
23 51|qwen2_sd_mlp_up 64:32:6:960:0 51_bili_rd.txt 0.051902335 0.050896578 24 14.4175
23 51|qwen2_sd_output 256:32:12:960:0 51_bili_rc.txt 0.72491274 0.71264455 1 14.4175
24 51|qwen2_sd_gen 128:32:12:960:0 51_bili_rc.txt 0.027006855 0.026426602 24 14.3564
24 51|qwen2_sd_attention 128:32:12:960:0 51_bili_re.txt 0.027313594 0.026573262 24 14.3564
24 51|qwen2_sd_mlp_gate 128:32:12:960:0 51_bili_re.txt 0.047661638 0.046826533 24 14.3564
24 51|qwen2_sd_mlp_down 256:32:12:960:0 51_bili_rc.txt 0.042440475 0.040991247 24 14.3564
24 51|qwen2_sd_mlp_up 256:32:12:960:0 51_bili_re.txt 0.047907521 0.047002116 24 14.3564
24 51|qwen2_sd_output 128:32:12:960:0 51_bili_re.txt 0.62790622 0.61800748 1 14.3564
25 51|qwen2_sd_gen 64:32:12:960:0 51_bili_ra.txt 0.027489785 0.026877656 24 14.4829
25 51|qwen2_sd_attention 256:8:12:960:0 51_bili_rd.txt 0.02355 0.022486992 24 14.4829
25 51|qwen2_sd_mlp_gate 256:32:12:960:0 51_bili_rc.txt 0.04799814 0.046877893 24 14.4829
25 51|qwen2_sd_mlp_down 32:32:12:960:0 51_bili_ra.txt 0.058555806 0.057555797 24 14.4829
25 51|qwen2_sd_mlp_up 128:32:12:960:0 51_bili_rb.txt 0.040680397 0.039910856 24 14.4829
25 51|qwen2_sd_output 256:32:12:960:0 51_bili_rd.txt 0.73754854 0.72471274 1 14.4829
26 51|qwen2_sd_gen 128:32:12:960:0 51_bili_rc.txt 0.027006855 0.026426602 24 14.5963
26 51|qwen2_sd_attention 256:32:12:960:50 51_bili_rd.txt 0.027249551 0.026499258 24 14.5963
26 51|qwen2_sd_mlp_gate 256:32:12:960:0 51_bili_ra.txt 0.048277824 0.047362095 24 14.5963
26 51|qwen2_sd_mlp_down 256:32:12:960:50 51_bili_re.txt 0.050278601 0.049272563 24 14.5963
26 51|qwen2_sd_mlp_up 128:32:6:960:150 51_bili_ra.txt 0.048451434 0.047600217 24 14.5963
26 51|qwen2_sd_output 256:32:6:960:0 51_bili_re.txt 0.75319948 0.74233124 1 14.5963
27 51|qwen2_sd_gen 128:32:12:960:0 51_bili_rb.txt 0.02717291 0.026574141 24 14.5756
27 51|qwen2_sd_attention 256:16:12:960:0 51_bili_rc.txt 0.023373398 0.022511953 24 14.5756
27 51|qwen2_sd_mlp_gate 128:32:12:960:0 51_bili_re.txt 0.047661638 0.046826533 24 14.5756
27 51|qwen2_sd_mlp_down 128:32:12:960:0 51_bili_rd.txt 0.054652865 0.053413449 24 14.5756
27 51|qwen2_sd_mlp_up 128:32:12:960:0 51_bili_re.txt 0.047661638 0.046826533 24 14.5756
27 51|qwen2_sd_output 128:32:12:960:0 51_bili_rd.txt 0.6282224 0.61753131 1 14.5756
28 51|qwen2_sd_gen 128:32:12:960:0 51_bili_re.txt 0.027106406 0.026573262 24 14.6376
28 51|qwen2_sd_attention 128:32:12:960:0 51_bili_re.txt 0.027313594 0.026573262 24 14.6376
28 51|qwen2_sd_mlp_gate 256:32:12:960:0 51_bili_re.txt 0.050545675 0.049662432 24 14.6376
28 51|qwen2_sd_mlp_down 128:32:12:960:0 51_bili_rb.txt 0.042597583 0.041411419 24 14.6376
28 51|qwen2_sd_mlp_up 128:32:12:960:0 51_bili_re.txt 0.047328819 0.046479115 24 14.6376
28 51|qwen2_sd_output 64:32:12:960:0 51_bili_re.txt 0.8645865 0.8535316 1 14.6376
29 51|qwen2_sd_gen 128:32:12:960:0 51_bili_rc.txt 0.027006855 0.026426602 24 14.6452
29 51|qwen2_sd_attention 256:32:12:960:0 51_bili_ra.txt 0.024948867 0.024372656 24 14.6452
29 51|qwen2_sd_mlp_gate 128:32:12:960:0 51_bili_rb.txt 0.042061914 0.04134084 24 14.6452
29 51|qwen2_sd_mlp_down 128:8:12:960:0 51_bili_rc.txt 0.042982223 0.041465311 24 14.6452
29 51|qwen2_sd_mlp_up 256:32:12:960:0 51_bili_rc.txt 0.04799814 0.046877893 24 14.6452
29 51|qwen2_sd_output 128:32:12:960:0 51_bili_rd.txt 0.6282224 0.61753131 1 14.6452
30 51|qwen2_sd_gen 256:32:12:960:0 51_bili_ra.txt 0.027350742 0.026779512 24 14.8196
30 51|qwen2_sd_attention 256:32:12:960:0 51_bili_rc.txt 0.023433105 0.022609453 24 14.8196
30 51|qwen2_sd_mlp_gate 128:32:12:960:0 51_bili_rd.txt 0.04798262 0.047108058 24 14.8196
30 51|qwen2_sd_mlp_down 256:32:12:960:0 51_bili_rb.txt 0.043613303 0.042786204 24 14.8196
30 51|qwen2_sd_mlp_up 128:32:12:960:0 51_bili_ra.txt 0.048302747 0.047458304 24 14.8196
30 51|qwen2_sd_output 128:32:12:960:0 51_bili_re.txt 0.62790622 0.61800748 1 14.8196
31 51|qwen2_sd_gen 128:32:12:960:0 51_bili_rb.txt 0.02717291 0.026574141 24 14.8234
31 51|qwen2_sd_attention 256:32:12:960:0 51_bili_rb.txt 0.03120293 0.030317285 24 14.8234
31 51|qwen2_sd_mlp_gate 128:32:12:960:0 51_bili_rc.txt 0.04504045 0.044218169 24 14.8234
31 51|qwen2_sd_mlp_down 128:32:6:960:0 51_bili_re.txt 0.052737794 0.051774687 24 14.8234
31 51|qwen2_sd_mlp_up 256:16:12:960:0 51_bili_rc.txt 0.04129507 0.040361322 24 14.8234
31 51|qwen2_sd_output 256:32:12:960:0 51_bili_rd.txt 0.6280605 0.61576946 1 14.8234
32 51|qwen2_sd_gen 256:16:12:960:0 51_bili_ra.txt 0.025279805 0.024683262 24 14.8778
32 51|qwen2_sd_attention 128:32:12:960:0 51_bili_rd.txt 0.031081113 0.030386953 24 14.8778
32 51|qwen2_sd_mlp_gate 128:32:12:960:0 51_bili_rb.txt 0.042061914 0.04134084 24 14.8778
32 51|qwen2_sd_mlp_down 256:32:12:960:0 51_bili_rd.txt 0.046525643 0.045569295 24 14.8778
32 51|qwen2_sd_mlp_up 128:32:12:960:0 51_bili_ra.txt 0.048302747 0.047458304 24 14.8778
32 51|qwen2_sd_output 32:32:12:960:150 51_bili_rd.txt 0.88258022 0.87245292 1 14.8778
33 51|qwen2_sd_gen 128:32:12:960:0 51_bili_rd.txt 0.026472363 0.025951992 24 14.7983
33 51|qwen2_sd_attention 256:32:12:960:0 51_bili_rd.txt 0.025302363 0.024738984 24 14.7983
33 51|qwen2_sd_mlp_gate 128:32:12:960:0 51_bili_rc.txt 0.043475129 0.042661199 24 14.7983
33 51|qwen2_sd_mlp_down 128:32:12:960:0 51_bili_rc.txt 0.048391115 0.047361328 24 14.7983
33 51|qwen2_sd_mlp_up 256:32:12:960:0 51_bili_ra.txt 0.048277824 0.047362095 24 14.7983
33 51|qwen2_sd_output 128:32:12:960:0 51_bili_ra.txt 0.63780877 0.6277329 1 14.7983
34 51|qwen2_sd_gen 128:16:12:960:0 51_bili_rb.txt 0.02335166 0.02272084 24 14.7738
34 51|qwen2_sd_attention 128:32:12:960:0 51_bili_rd.txt 0.031081113 0.030386953 24 14.7738
34 51|qwen2_sd_mlp_gate 256:32:12:960:0 51_bili_re.txt 0.043592119 0.04261727 24 14.7738
34 51|qwen2_sd_mlp_down 128:32:12:960:0 51_bili_rc.txt 0.048391115 0.047361328 24 14.7738
34 51|qwen2_sd_mlp_up 256:32:12:960:0 51_bili_rb.txt 0.04373732 0.04266646 24 14.7738
34 51|qwen2_sd_output 256:32:12:960:0 51_bili_ra.txt 0.63746402 0.6256282 1 14.7738
35 51|qwen2_sd_gen 128:32:12:960:0 51_bili_rc.txt 0.027006855 0.026426602 24 14.9029
35 51|qwen2_sd_attention 128:32:12:960:0 51_bili_rc.txt 0.035021543 0.03412002 24 14.9029
35 51|qwen2_sd_mlp_gate 256:32:12:960:0 51_bili_re.txt 0.047907521 0.047002116 24 14.9029
35 51|qwen2_sd_mlp_down 128:16:12:960:0 51_bili_rb.txt 0.042536201 0.041402194 24 14.9029
35 51|qwen2_sd_mlp_up 256:16:12:960:0 51_bili_rc.txt 0.04129507 0.040361322 24 14.9029
35 51|qwen2_sd_output 128:32:12:960:0 51_bili_rb.txt 0.62746814 0.62108929 1 14.9029
36 51|qwen2_sd_gen 128:32:12:960:0 51_bili_rc.txt 0.027006855 0.026426602 24 14.9762
36 51|qwen2_sd_attention 128:16:12:960:0 51_bili_re.txt 0.027307324 0.026523047 24 14.9762
36 51|qwen2_sd_mlp_gate 256:32:12:960:0 51_bili_ra.txt 0.048277824 0.047362095 24 14.9762
36 51|qwen2_sd_mlp_down 256:16:12:960:0 51_bili_rb.txt 0.042553282 0.041411419 24 14.9762
36 51|qwen2_sd_mlp_up 128:16:12:960:0 51_bili_ra.txt 0.048296434 0.047359135 24 14.9762
36 51|qwen2_sd_output 128:16:12:960:0 51_bili_rb.txt 0.6277329 0.61814653 1 14.9762
37 51|qwen2_sd_gen 128:32:12:960:0 51_bili_rd.txt 0.026472363 0.025951992 24 15.0597
37 51|qwen2_sd_attention 128:16:12:960:0 51_bili_rd.txt 0.02712498 0.026367773 24 15.0597
37 51|qwen2_sd_mlp_gate 128:16:12:960:0 51_bili_ra.txt 0.048296434 0.047359135 24 15.0597
37 51|qwen2_sd_mlp_down 128:32:12:960:0 51_bili_re.txt 0.050660501 0.049715479 24 15.0597
37 51|qwen2_sd_mlp_up 128:32:12:960:0 51_bili_rd.txt 0.04798262 0.047108058 24 15.0597
37 51|qwen2_sd_output 128:32:12:960:0 51_bili_ra.txt 0.63780877 0.6277329 1 15.0597
38 51|qwen2_sd_gen 128:32:12:960:0 51_bili_rc.txt 0.027006855 0.026426602 24 15.0404
38 51|qwen2_sd_attention 128:32:12:960:0 51_bili_rc.txt 0.03502998 0.034146094 24 15.0404
38 51|qwen2_sd_mlp_gate 256:8:12:960:0 51_bili_ra.txt 0.043870224 0.042665342 24 15.0404
38 51|qwen2_sd_mlp_down 128:32:12:960:0 51_bili_rc.txt 0.048391115 0.047361328 24 15.0404
38 51|qwen2_sd_mlp_up 128:32:12:960:0 51_bili_re.txt 0.047661638 0.046826533 24 15.0404
38 51|qwen2_sd_output 128:32:12:960:0 51_bili_rc.txt 0.62904905 0.61312383 1 15.0404
39 51|qwen2_sd_gen 256:32:12:960:0 51_bili_rd.txt 0.026167383 0.025723184 24 15.1793
39 51|qwen2_sd_attention 128:32:12:960:0 51_bili_rc.txt 0.035021543 0.03412002 24 15.1793
39 51|qwen2_sd_mlp_gate 128:32:12:960:0 51_bili_rc.txt 0.043475129 0.042661199 24 15.1793
39 51|qwen2_sd_mlp_down 128:16:12:960:0 51_bili_rd.txt 0.046644204 0.045420591 24 15.1793
39 51|qwen2_sd_mlp_up 128:16:12:960:0 51_bili_ra.txt 0.048296434 0.047359135 24 15.1793
39 51|qwen2_sd_output 256:32:12:960:150 51_bili_ra.txt 0.76507339 0.75502037 1 15.1793
40 51|qwen2_sd_gen 256:32:12:960:0 51_bili_re.txt 0.027115781 0.026573262 24 15.2030
40 51|qwen2_sd_attention 128:32:12:960:0 51_bili_re.txt 0.027313594 0.026573262 24 15.2030
40 51|qwen2_sd_mlp_gate 128:16:12:960:0 51_bili_rd.txt 0.047947306 0.046967328 24 15.2030
40 51|qwen2_sd_mlp_down 128:32:12:960:0 51_bili_rc.txt 0.048391115 0.047361328 24 15.2030
40 51|qwen2_sd_mlp_up 256:16:12:960:0 51_bili_rb.txt 0.043709635 0.04255243 24 15.2030
40 51|qwen2_sd_output 128:16:12:960:0 51_bili_rc.txt 0.62286257 0.60966869 1 15.2030
41 51|qwen2_sd_gen 128:16:12:960:0 51_bili_rd.txt 0.027073418 0.026493809 24 15.3371
41 51|qwen2_sd_attention 128:16:12:960:0 51_bili_ra.txt 0.026499492 0.025953457 24 15.3371
41 51|qwen2_sd_mlp_gate 128:32:12:960:0 51_bili_ra.txt 0.048302747 0.047458304 24 15.3371
41 51|qwen2_sd_mlp_down 128:32:12:960:0 51_bili_re.txt 0.050660501 0.049715479 24 15.3371
41 51|qwen2_sd_mlp_up 128:32:12:960:0 51_bili_re.txt 0.047661638 0.046826533 24 15.3371
41 51|qwen2_sd_output 64:32:12:960:0 51_bili_re.txt 0.8645865 0.8535316 1 15.3371
42 51|qwen2_sd_gen 128:32:12:960:0 51_bili_rb.txt 0.02717291 0.026574141 24 15.2284
42 51|qwen2_sd_attention 256:32:12:960:0 51_bili_rd.txt 0.025302363 0.024738984 24 15.2284
42 51|qwen2_sd_mlp_gate 128:32:12:960:0 51_bili_ra.txt 0.048302747 0.047458304 24 15.2284
42 51|qwen2_sd_mlp_down 128:16:12:960:0 51_bili_rd.txt 0.046644204 0.045420591 24 15.2284
42 51|qwen2_sd_mlp_up 128:32:12:960:0 51_bili_re.txt 0.047661638 0.046826533 24 15.2284
42 51|qwen2_sd_output 128:32:12:960:0 51_bili_ra.txt 0.63780877 0.6277329 1 15.2284
43 51|qwen2_sd_gen 256:32:12:960:0 51_bili_ra.txt 0.027350742 0.026779512 24 15.2401
43 51|qwen2_sd_attention 128:16:12:960:0 51_bili_re.txt 0.027307324 0.026523047 24 15.2401
43 51|qwen2_sd_mlp_gate 256:32:12:960:0 51_bili_rd.txt 0.047097733 0.04616346 24 15.2401
43 51|qwen2_sd_mlp_down 256:32:12:960:0 51_bili_re.txt 0.048280774 0.047235003 24 15.2401
43 51|qwen2_sd_mlp_up 256:32:12:960:0 51_bili_re.txt 0.047907521 0.047002116 24 15.2401
43 51|qwen2_sd_output 256:32:12:960:0 51_bili_rb.txt 0.62647389 0.61502662 1 15.2401
44 51|qwen2_sd_gen 128:32:12:960:0 51_bili_rd.txt 0.026472363 0.025951992 24 15.2930
44 51|qwen2_sd_attention 128:16:12:960:0 51_bili_rb.txt 0.027071074 0.026558613 24 15.2930
44 51|qwen2_sd_mlp_gate 128:16:12:960:0 51_bili_rb.txt 0.041363922 0.040603259 24 15.2930
44 51|qwen2_sd_mlp_down 64:16:12:960:0 51_bili_rb.txt 0.048544295 0.047356853 24 15.2930
44 51|qwen2_sd_mlp_up 128:32:12:960:0 51_bili_ra.txt 0.048302747 0.047458304 24 15.2930
44 51|qwen2_sd_output 128:32:12:960:150 51_bili_rd.txt 0.88136121 0.87000157 1 15.2930
45 51|qwen2_sd_gen 128:16:12:960:0 51_bili_rc.txt 0.027345938 0.026527969 24 15.2337
45 51|qwen2_sd_attention 256:32:12:960:0 51_bili_re.txt 0.027914824 0.027421465 24 15.2337
45 51|qwen2_sd_mlp_gate 128:32:12:960:0 51_bili_rc.txt 0.043475129 0.042661199 24 15.2337
45 51|qwen2_sd_mlp_down 256:16:12:960:0 51_bili_rc.txt 0.042336711 0.040858345 24 15.2337
45 51|qwen2_sd_mlp_up 256:16:12:960:0 51_bili_ra.txt 0.048285518 0.04735736 24 15.2337
45 51|qwen2_sd_output 128:32:12:960:0 51_bili_re.txt 0.62790622 0.61800748 1 15.2337
46 51|qwen2_sd_gen 128:16:12:960:0 51_bili_rc.txt 0.027345938 0.026527969 24 15.3807
46 51|qwen2_sd_attention 128:16:12:960:0 51_bili_rc.txt 0.027079688 0.026371816 24 15.3807
46 51|qwen2_sd_mlp_gate 128:16:12:960:0 51_bili_ra.txt 0.048296434 0.047359135 24 15.3807
46 51|qwen2_sd_mlp_down 128:32:12:960:0 51_bili_rd.txt 0.054663552 0.053413449 24 15.3807
46 51|qwen2_sd_mlp_up 256:32:12:960:0 51_bili_rd.txt 0.047097733 0.04616346 24 15.3807
46 51|qwen2_sd_output 128:32:12:960:0 51_bili_re.txt 0.62790622 0.61800748 1 15.3807
47 51|qwen2_sd_gen 256:16:12:960:0 51_bili_ra.txt 0.025279805 0.024683262 24 15.4777
47 51|qwen2_sd_attention 256:16:12:960:0 51_bili_rd.txt 0.027230332 0.026337832 24 15.4777
47 51|qwen2_sd_mlp_gate 128:32:12:960:0 51_bili_rc.txt 0.043475129 0.042661199 24 15.4777
47 51|qwen2_sd_mlp_down 128:32:6:960:0 51_bili_rc.txt 0.048289726 0.047210341 24 15.4777
47 51|qwen2_sd_mlp_up 128:32:12:960:0 51_bili_re.txt 0.047661638 0.046826533 24 15.4777
47 51|qwen2_sd_output 128:32:12:960:0 51_bili_rc.txt 0.62904905 0.61312383 1 15.4777
48 51|qwen2_sd_gen 128:16:12:960:0 51_bili_rb.txt 0.02335166 0.02272084 24 15.5964
48 51|qwen2_sd_attention 128:32:12:960:0 51_bili_rc.txt 0.035021543 0.03412002 24 15.5964
48 51|qwen2_sd_mlp_gate 256:32:12:960:0 51_bili_rb.txt 0.043759087 0.04266646 24 15.5964
48 51|qwen2_sd_mlp_down 128:32:12:960:50 51_bili_re.txt 0.050128526 0.049264799 24 15.5964
48 51|qwen2_sd_mlp_up 128:16:12:960:0 51_bili_rd.txt 0.047947306 0.046967328 24 15.5964
48 51|qwen2_sd_output 128:32:12:960:0 51_bili_re.txt 0.62790622 0.61800748 1 15.5964
49 51|qwen2_sd_gen 128:16:12:960:0 51_bili_rc.txt 0.027345938 0.026527969 24 15.6745
49 51|qwen2_sd_attention 256:16:12:960:0 51_bili_rc.txt 0.023380898 0.022511953 24 15.6745
49 51|qwen2_sd_mlp_gate 128:32:12:960:0 51_bili_rd.txt 0.04798262 0.047108058 24 15.6745
49 51|qwen2_sd_mlp_down 128:32:12:960:0 51_bili_rc.txt 0.048391115 0.047361328 24 15.6745
49 51|qwen2_sd_mlp_up 256:32:12:960:0 51_bili_rb.txt 0.04373732 0.04266646 24 15.6745
49 51|qwen2_sd_output 128:32:12:960:0 51_bili_rc.txt 0.62904905 0.61312383 1 15.6745
50 51|qwen2_sd_gen 128:16:12:960:0 51_bili_re.txt 0.029063555 0.028485527 24 15.9014
50 51|qwen2_sd_attention 128:32:12:960:0 51_bili_ra.txt 0.031356035 0.030766875 24 15.9014
50 51|qwen2_sd_mlp_gate 32:32:12:960:0 51_bili_rc.txt 0.056828398 0.055704862 24 15.9014
50 51|qwen2_sd_mlp_down 128:32:12:960:0 51_bili_re.txt 0.050660501 0.049715479 24 15.9014
50 51|qwen2_sd_mlp_up 128:16:12:960:0 51_bili_rd.txt 0.047947306 0.046967328 24 15.9014
50 51|qwen2_sd_output 128:32:12:960:0 51_bili_ra.txt 0.63715927 0.62609104 1 15.9014
51 51|qwen2_sd_gen 128:32:6:960:0 51_bili_ra.txt 0.027440742 0.026877949 24 15.8661
51 51|qwen2_sd_attention 128:32:12:960:0 51_bili_re.txt 0.027313594 0.026573262 24 15.8661
51 51|qwen2_sd_mlp_gate 128:32:12:960:0 51_bili_rc.txt 0.04504045 0.044218169 24 15.8661
51 51|qwen2_sd_mlp_down 128:32:12:960:0 51_bili_ra.txt 0.053634587 0.052667826 24 15.8661
51 51|qwen2_sd_mlp_up 128:32:12:960:0 51_bili_rb.txt 0.042061914 0.04134084 24 15.8661
51 51|qwen2_sd_output 128:16:12:960:0 51_bili_ra.txt 0.63672309 0.62563582 1 15.8661
52 51|qwen2_sd_gen 128:32:12:960:0 51_bili_rc.txt 0.027006855 0.026426602 24 15.8289
52 51|qwen2_sd_attention 128:32:12:960:0 51_bili_ra.txt 0.031495078 0.030766875 24 15.8289
52 51|qwen2_sd_mlp_gate 256:16:12:960:0 51_bili_rd.txt 0.043643873 0.042613522 24 15.8289
52 51|qwen2_sd_mlp_down 128:32:12:960:0 51_bili_re.txt 0.050660501 0.049715479 24 15.8289
52 51|qwen2_sd_mlp_up 128:16:6:960:0 51_bili_rb.txt 0.042892745 0.04207408 24 15.8289
52 51|qwen2_sd_output 128:32:12:960:0 51_bili_re.txt 0.75252902 0.74215411 1 15.8289
53 51|qwen2_sd_gen 128:32:12:960:0 51_bili_rc.txt 0.027006855 0.026426602 24 15.8275
53 51|qwen2_sd_attention 128:32:12:960:0 51_bili_rd.txt 0.031081113 0.030386953 24 15.8275
53 51|qwen2_sd_mlp_gate 128:32:12:960:50 51_bili_rc.txt 0.048049697 0.046984229 24 15.8275
53 51|qwen2_sd_mlp_down 128:32:12:960:50 51_bili_re.txt 0.050172918 0.049272654 24 15.8275
53 51|qwen2_sd_mlp_up 128:32:12:960:0 51_bili_ra.txt 0.048302747 0.047458304 24 15.8275
53 51|qwen2_sd_output 128:32:12:960:0 51_bili_rc.txt 0.62904905 0.61312383 1 15.8275
54 51|qwen2_sd_gen 32:32:12:960:0 51_bili_rd.txt 0.030969902 0.030377695 24 15.8560
54 51|qwen2_sd_attention 256:16:12:960:0 51_bili_ra.txt 0.024229805 0.02323752 24 15.8560
54 51|qwen2_sd_mlp_gate 256:16:12:960:0 51_bili_rb.txt 0.043709635 0.04255243 24 15.8560
54 51|qwen2_sd_mlp_down 128:16:12:960:0 51_bili_ra.txt 0.048744516 0.047723955 24 15.8560
54 51|qwen2_sd_mlp_up 128:8:12:960:0 51_bili_rd.txt 0.043573048 0.042462007 24 15.8560
54 51|qwen2_sd_output 128:32:12:960:0 51_bili_rb.txt 0.62816907 0.62110453 1 15.8560
55 51|qwen2_sd_gen 128:16:12:960:0 51_bili_rb.txt 0.02335166 0.02272084 24 16.0445
55 51|qwen2_sd_attention 128:32:12:960:0 51_bili_rd.txt 0.031081113 0.030386953 24 16.0445
55 51|qwen2_sd_mlp_gate 256:32:12:960:0 51_bili_rb.txt 0.04373732 0.04266646 24 16.0445
55 51|qwen2_sd_mlp_down 256:32:12:960:0 51_bili_re.txt 0.048280774 0.047235003 24 16.0445
55 51|qwen2_sd_mlp_up 256:16:12:960:0 51_bili_re.txt 0.043633878 0.04262845 24 16.0445
55 51|qwen2_sd_output 128:32:12:960:0 51_bili_rd.txt 0.6282224 0.61753131 1 16.0445
56 51|qwen2_sd_gen 128:32:12:960:0 51_bili_rb.txt 0.027153574 0.026564531 24 16.1757
56 51|qwen2_sd_attention 128:16:12:960:0 51_bili_rc.txt 0.027079688 0.026371816 24 16.1757
56 51|qwen2_sd_mlp_gate 256:32:12:960:0 51_bili_ra.txt 0.048267302 0.047363476 24 16.1757
56 51|qwen2_sd_mlp_down 128:32:12:960:0 51_bili_ra.txt 0.053634587 0.052667826 24 16.1757
56 51|qwen2_sd_mlp_up 128:32:12:960:0 51_bili_ra.txt 0.048302747 0.047458304 24 16.1757
56 51|qwen2_sd_output 128:32:12:960:0 51_bili_ra.txt 0.6378602 0.6277329 1 16.1757
57 51|qwen2_sd_gen 128:16:12:960:0 51_bili_ra.txt 0.026752266 0.026106094 24 16.1353
57 51|qwen2_sd_attention 128:16:12:960:0 51_bili_ra.txt 0.026499492 0.025953457 24 16.1353
57 51|qwen2_sd_mlp_gate 128:32:12:960:0 51_bili_rd.txt 0.04798262 0.047108058 24 16.1353
57 51|qwen2_sd_mlp_down 128:16:12:960:0 51_bili_re.txt 0.048266616 0.047165674 24 16.1353
57 51|qwen2_sd_mlp_up 128:32:12:960:0 51_bili_rc.txt 0.043475129 0.042661199 24 16.1353
57 51|qwen2_sd_output 128:32:12:960:0 51_bili_rc.txt 0.62904905 0.61312383 1 16.1353
58 51|qwen2_sd_gen 128:32:12:960:0 51_bili_ra.txt 0.027384492 0.026877656 24 16.1950
58 51|qwen2_sd_attention 256:16:12:960:0 51_bili_rd.txt 0.026262832 0.02562252 24 16.1950
58 51|qwen2_sd_mlp_gate 128:32:12:960:0 51_bili_rd.txt 0.04798262 0.047108058 24 16.1950
58 51|qwen2_sd_mlp_down 128:32:12:960:0 51_bili_rc.txt 0.048391115 0.047361328 24 16.1950
58 51|qwen2_sd_mlp_up 128:32:12:960:0 51_bili_re.txt 0.047661638 0.046826533 24 16.1950
58 51|qwen2_sd_output 128:32:12:960:0 51_bili_ra.txt 0.63780877 0.6277329 1 16.1950
59 51|qwen2_sd_gen 128:16:12:960:0 51_bili_rc.txt 0.027345938 0.026527969 24 16.1551
59 51|qwen2_sd_attention 128:32:12:960:0 51_bili_rc.txt 0.035021543 0.03412002 24 16.1551
59 51|qwen2_sd_mlp_gate 128:32:12:960:0 51_bili_rb.txt 0.042061914 0.04134084 24 16.1551
59 51|qwen2_sd_mlp_down 128:32:12:960:150 51_bili_re.txt 0.052758255 0.051774687 24 16.1551
59 51|qwen2_sd_mlp_up 128:32:12:960:0 51_bili_rc.txt 0.044832118 0.044036404 24 16.1551
59 51|qwen2_sd_output 128:32:6:960:0 51_bili_rd.txt 0.63184896 0.6161904 1 16.1551
